ARM Linker, 4.1 [Build 894] [Lite256]

==============================================================================

Section Cross References

    startup_stm32f10x_md.o(STACK) refers (Special) to heapauxi.o(.text) for __use_two_region_memory
    startup_stm32f10x_md.o(HEAP) refers (Special) to heapauxi.o(.text) for __use_two_region_memory
    startup_stm32f10x_md.o(RESET) refers (Special) to heapauxi.o(.text) for __use_two_region_memory
    startup_stm32f10x_md.o(RESET) refers to startup_stm32f10x_md.o(STACK) for __initial_sp
    startup_stm32f10x_md.o(RESET) refers to startup_stm32f10x_md.o(.text) for Reset_Handler
    startup_stm32f10x_md.o(RESET) refers to stm32f10x_it.o(.text) for NMI_Handler
    startup_stm32f10x_md.o(RESET) refers to battery.o(.text) for DMA1_Channel1_IRQHandler
    startup_stm32f10x_md.o(RESET) refers to uart1.o(.text) for USART1_IRQHandler
    startup_stm32f10x_md.o(.text) refers (Special) to heapauxi.o(.text) for __use_two_region_memory
    startup_stm32f10x_md.o(.text) refers to system_stm32f10x.o(.text) for SystemInit
    startup_stm32f10x_md.o(.text) refers to __main.o(!!!main) for __main
    startup_stm32f10x_md.o(.text) refers to startup_stm32f10x_md.o(HEAP) for Heap_Mem
    startup_stm32f10x_md.o(.text) refers to startup_stm32f10x_md.o(STACK) for Stack_Mem
    stm32f10x_rcc.o(.text) refers to stm32f10x_rcc.o(.data) for APBAHBPrescTable
    stm32f10x_gpio.o(.text) refers to stm32f10x_rcc.o(.text) for RCC_APB2PeriphResetCmd
    stm32f10x_adc.o(.text) refers to stm32f10x_rcc.o(.text) for RCC_APB2PeriphResetCmd
    stm32f10x_usart.o(.text) refers to stm32f10x_rcc.o(.text) for RCC_APB2PeriphResetCmd
    stm32f10x_i2c.o(.text) refers to stm32f10x_rcc.o(.text) for RCC_APB1PeriphResetCmd
    stm32f10x_spi.o(.text) refers to stm32f10x_rcc.o(.text) for RCC_APB2PeriphResetCmd
    stm32f10x_tim.o(.text) refers to stm32f10x_rcc.o(.text) for RCC_APB2PeriphResetCmd
    stm32f10x_pwr.o(.text) refers to stm32f10x_rcc.o(.text) for RCC_APB1PeriphResetCmd
    system_stm32f10x.o(.text) refers to system_stm32f10x.o(.data) for SystemCoreClock
    uart1.o(.text) refers (Special) to use_no_semi_2.o(.text) for __use_no_semihosting
    uart1.o(.text) refers to _printf_percent.o(.ARM.Collect$$_printf_percent$$00000000) for _printf_percent
    uart1.o(.text) refers to _printf_d.o(.ARM.Collect$$_printf_percent$$00000009) for _printf_d
    uart1.o(.text) refers to _printf_dec.o(.text) for _printf_int_dec
    uart1.o(.text) refers to stm32f10x_rcc.o(.text) for RCC_APB2PeriphClockCmd
    uart1.o(.text) refers to stm32f10x_usart.o(.text) for USART_DeInit
    uart1.o(.text) refers to stm32f10x_gpio.o(.text) for GPIO_Init
    uart1.o(.text) refers to misc.o(.text) for NVIC_PriorityGroupConfig
    uart1.o(.text) refers to stm32f10x_it.o(.text) for cycleCounter
    uart1.o(.text) refers to noretval__2printf.o(.text) for __2printf
    uart1.o(.text) refers to uart1.o(.bss) for UartTxbuf
    uart1.o(.text) refers to uart1.o(.data) for UdataTemp
    uart1.o(.bss) refers (Special) to use_no_semi_2.o(.text) for __use_no_semihosting
    uart1.o(.data) refers (Special) to use_no_semi_2.o(.text) for __use_no_semihosting
    stmflash.o(.text) refers to _printf_percent.o(.ARM.Collect$$_printf_percent$$00000000) for _printf_percent
    stmflash.o(.text) refers to _printf_d.o(.ARM.Collect$$_printf_percent$$00000009) for _printf_d
    stmflash.o(.text) refers to _printf_dec.o(.text) for _printf_int_dec
    stmflash.o(.text) refers to noretval__2printf.o(.text) for __2printf
    stmflash.o(.text) refers to stm32f10x_rcc.o(.text) for RCC_HSICmd
    stmflash.o(.text) refers to stm32f10x_flash.o(.text) for FLASH_Unlock
    stmflash.o(.text) refers to stmflash.o(.data) for FLASHstatus
    tim.o(.text) refers to misc.o(.text) for NVIC_Init
    tim.o(.text) refers to stm32f10x_rcc.o(.text) for RCC_APB1PeriphClockCmd
    tim.o(.text) refers to stm32f10x_tim.o(.text) for TIM_DeInit
    tim.o(.text) refers to noretval__2printf.o(.text) for __2printf
    moto.o(.text) refers to stm32f10x_rcc.o(.text) for RCC_APB2PeriphClockCmd
    moto.o(.text) refers to stm32f10x_gpio.o(.text) for GPIO_Init
    moto.o(.text) refers to stm32f10x_tim.o(.text) for TIM_DeInit
    moto.o(.text) refers to noretval__2printf.o(.text) for __2printf
    moto.o(.text) refers to system_stm32f10x.o(.data) for SystemCoreClock
    configtable.o(.text) refers to stmflash.o(.text) for FLASH_READ
    configtable.o(.text) refers to feqf.o(x$fpl$feqf) for __aeabi_cfcmpeq
    configtable.o(.text) refers to configtable.o(.bss) for gtables
    configtable.o(.text) refers to control.o(.bss) for pitch_angle_PID
    battery.o(.text) refers to _printf_percent.o(.ARM.Collect$$_printf_percent$$00000000) for _printf_percent
    battery.o(.text) refers to _printf_f.o(.ARM.Collect$$_printf_percent$$00000003) for _printf_f
    battery.o(.text) refers to printf1.o(x$fpl$printf1) for _printf_fp_dec
    battery.o(.text) refers to stm32f10x_rcc.o(.text) for RCC_APB2PeriphClockCmd
[...]
    .ARM.Collect$$libinit$$0000000B          0x08000176   Section        6  libinit2.o(.ARM.Collect$$libinit$$0000000B)
    .ARM.Collect$$libinit$$0000000D          0x0800017c   Section        0  libinit2.o(.ARM.Collect$$libinit$$0000000D)
    .ARM.Collect$$libinit$$0000000F          0x0800017c   Section        0  libinit2.o(.ARM.Collect$$libinit$$0000000F)
    .ARM.Collect$$libinit$$00000011          0x0800017c   Section        0  libinit2.o(.ARM.Collect$$libinit$$00000011)
    .ARM.Collect$$libinit$$00000012          0x0800017c   Section       10  libinit2.o(.ARM.Collect$$libinit$$00000012)
    .ARM.Collect$$libinit$$00000013          0x08000186   Section        0  libinit2.o(.ARM.Collect$$libinit$$00000013)
    .ARM.Collect$$libinit$$00000015          0x08000186   Section        0  libinit2.o(.ARM.Collect$$libinit$$00000015)
    .ARM.Collect$$libinit$$00000017          0x08000186   Section        0  libinit2.o(.ARM.Collect$$libinit$$00000017)
    .ARM.Collect$$libinit$$00000019          0x08000186   Section        0  libinit2.o(.ARM.Collect$$libinit$$00000019)
    .ARM.Collect$$libinit$$0000001B          0x08000186   Section        0  libinit2.o(.ARM.Collect$$libinit$$0000001B)
    .ARM.Collect$$libinit$$0000001D          0x08000186   Section        0  libinit2.o(.ARM.Collect$$libinit$$0000001D)
    .ARM.Collect$$libinit$$0000001F          0x08000186   Section        0  libinit2.o(.ARM.Collect$$libinit$$0000001F)
    .ARM.Collect$$libinit$$00000021          0x08000186   Section        0  libinit2.o(.ARM.Collect$$libinit$$00000021)
    .ARM.Collect$$libinit$$00000028          0x08000186   Section        0  libinit2.o(.ARM.Collect$$libinit$$00000028)
    .ARM.Collect$$libinit$$0000002A          0x08000186   Section        0  libinit2.o(.ARM.Collect$$libinit$$0000002A)
    .ARM.Collect$$libinit$$0000002C          0x08000186   Section        0  libinit2.o(.ARM.Collect$$libinit$$0000002C)
    .ARM.Collect$$libinit$$0000002E          0x08000186   Section        0  libinit2.o(.ARM.Collect$$libinit$$0000002E)
    .ARM.Collect$$libinit$$0000002F          0x08000186   Section        2  libinit2.o(.ARM.Collect$$libinit$$0000002F)
    .ARM.Collect$$libshutdown$$00000000      0x08000188   Section        2  libshutdown.o(.ARM.Collect$$libshutdown$$00000000)
    .ARM.Collect$$libshutdown$$00000003      0x0800018a   Section        0  libshutdown2.o(.ARM.Collect$$libshutdown$$00000003)
    .ARM.Collect$$libshutdown$$00000006      0x0800018a   Section        0  libshutdown2.o(.ARM.Collect$$libshutdown$$00000006)
    .ARM.Collect$$libshutdown$$00000009      0x0800018a   Section        0  libshutdown2.o(.ARM.Collect$$libshutdown$$00000009)
    .ARM.Collect$$libshutdown$$0000000B      0x0800018a   Section        0  libshutdown2.o(.ARM.Collect$$libshutdown$$0000000B)
    .ARM.Collect$$libshutdown$$0000000E      0x0800018a   Section        0  libshutdown2.o(.ARM.Collect$$libshutdown$$0000000E)
    .ARM.Collect$$libshutdown$$0000000F      0x0800018a   Section        2  libshutdown2.o(.ARM.Collect$$libshutdown$$0000000F)
    .ARM.Collect$$rtentry$$00000000          0x0800018c   Section        0  rtentry.o(.ARM.Collect$$rtentry$$00000000)
    .ARM.Collect$$rtentry$$00000002          0x0800018c   Section        0  rtentry2.o(.ARM.Collect$$rtentry$$00000002)
    .ARM.Collect$$rtentry$$00000004          0x0800018c   Section        6  rtentry4.o(.ARM.Collect$$rtentry$$00000004)
    .ARM.Collect$$rtentry$$00000009          0x08000192   Section        0  rtentry2.o(.ARM.Collect$$rtentry$$00000009)
    .ARM.Collect$$rtentry$$0000000A          0x08000192   Section        4  rtentry2.o(.ARM.Collect$$rtentry$$0000000A)
    .ARM.Collect$$rtentry$$0000000C          0x08000196   Section        0  rtentry2.o(.ARM.Collect$$rtentry$$0000000C)
    .ARM.Collect$$rtentry$$0000000D          0x08000196   Section        8  rtentry2.o(.ARM.Collect$$rtentry$$0000000D)
    .ARM.Collect$$rtexit$$00000000           0x0800019e   Section        2  rtexit.o(.ARM.Collect$$rtexit$$00000000)
    .ARM.Collect$$rtexit$$00000002           0x080001a0   Section        0  rtexit2.o(.ARM.Collect$$rtexit$$00000002)
    .ARM.Collect$$rtexit$$00000003           0x080001a0   Section        4  rtexit2.o(.ARM.Collect$$rtexit$$00000003)
    .ARM.Collect$$rtexit$$00000004           0x080001a4   Section        6  rtexit2.o(.ARM.Collect$$rtexit$$00000004)
    .text                                    0x080001ac   Section       64  startup_stm32f10x_md.o(.text)
    .text                                    0x080001ec   Section        0  stm32f10x_rcc.o(.text)
    .text                                    0x0800058c   Section        0  stm32f10x_gpio.o(.text)
    .text                                    0x080008e4   Section        0  misc.o(.text)
    .text                                    0x080009c0   Section        0  stm32f10x_adc.o(.text)
    .text                                    0x08000dfc   Section        0  stm32f10x_usart.o(.text)
    .text                                    0x08001208   Section        0  stm32f10x_spi.o(.text)
    .text                                    0x08001518   Section        0  stm32f10x_tim.o(.text)
    TI4_Config                               0x080019a3   Thumb Code   118  stm32f10x_tim.o(.text)
    TI3_Config                               0x08001a2b   Thumb Code   114  stm32f10x_tim.o(.text)
    TI2_Config                               0x08001ab3   Thumb Code   118  stm32f10x_tim.o(.text)
    TI1_Config                               0x08001b3b   Thumb Code   106  stm32f10x_tim.o(.text)
    .text                                    0x080022c8   Section        0  stm32f10x_flash.o(.text)
    .text                                    0x08002880   Section        0  stm32f10x_dma.o(.text)
    .text                                    0x08002ad0   Section        0  system_stm32f10x.o(.text)
    SetSysClockTo72                          0x08002ad1   Thumb Code   192  system_stm32f10x.o(.text)
    SetSysClock                              0x08002b91   Thumb Code     8  system_stm32f10x.o(.text)
    .text                                    0x08002c98   Section        0  uart1.o(.text)
    .text                                    0x08002efc   Section        0  stmflash.o(.text)
    .text                                    0x08003020   Section        0  tim.o(.text)
    .text                                    0x08003150   Section        0  moto.o(.text)
    .text                                    0x080032a0   Section        0  battery.o(.text)
    .text                                    0x080034c8   Section        0  delay.o(.text)
    .text                                    0x08003504   Section        0  iic_polling.o(.text)
    i2c1_delay                               0x08003531   Thumb Code    16  iic_polling.o(.text)
    .text                                    0x08003880   Section        0  mpu6050.o(.text)
    .text                                    0x08003914   Section        0  hmc5883l.o(.text)
    .text                                    0x08003b54   Section        0  nrf24l01.o(.text)
    .text                                    0x08003d9c   Section        0  spi.o(.text)
    .text                                    0x08003eac   Section        0  main.o(.text)
    .text                                    0x08003fc4   Section        0  stm32f10x_it.o(.text)
    .text                                    0x08004050   Section        2  use_no_semi_2.o(.text)
    .text                                    0x08004054   Section        0  noretval__2printf.o(.text)
    .text                                    0x0800406c   Section        0  _printf_dec.o(.text)
    .text                                    0x080040e4   Section        0  __printf_wp.o(.text)
    .text                                    0x080041f2   Section        0  heapauxi.o(.text)
    .text                                    0x080041f8   Section        2  use_no_semi.o(.text)
    .text                                    0x080041fa   Section        0  _printf_intcommon.o(.text)
    .text                                    0x080042b2   Section        0  _printf_fp_dec.o(.text)
    _fp_digits                               0x080042b5   Thumb Code   428  _printf_fp_dec.o(.text)
    .text                                    0x080046d4   Section        0  _printf_char_file.o(.text)
    .text                                    0x080046f8   Section        8  rt_locale_intlibspace.o(.text)
    .text                                    0x08004700   Section      138  lludiv10.o(.text)
    .text                                    0x0800478c   Section        0  _printf_char_common.o(.text)
    _printf_input_char                       0x0800478d   Thumb Code    10  _printf_char_common.o(.text)
    .text                                    0x080047bc   Section        0  _printf_fp_infnan.o(.text)
    .text                                    0x0800483c   Section        0  bigflt0.o(.text)
    .text                                    0x08004920   Section        0  ferror.o(.text)
    .text                                    0x08004928   Section        8  libspace.o(.text)
    .text                                    0x08004930   Section       74  sys_stackheap_outer.o(.text)
    .text                                    0x0800497a   Section        0  exit.o(.text)
    .text                                    0x08004988   Section      128  strcmpv7m.o(.text)
    .text                                    0x08004a08   Section        8  rt_fp_status_addr_intlibspace.o(.text)
    CL$$btod_d2e                             0x08004a10   Section       62  btod.o(CL$$btod_d2e)
    CL$$btod_d2e_denorm_low                  0x08004a4e   Section       70  btod.o(CL$$btod_d2e_denorm_low)
    CL$$btod_d2e_norm_op1                    0x08004a94   Section       96  btod.o(CL$$btod_d2e_norm_op1)
    CL$$btod_div_common                      0x08004af4   Section      824  btod.o(CL$$btod_div_common)
    CL$$btod_e2e                             0x08004e2c   Section      198  btod.o(CL$$btod_e2e)
    CL$$btod_ediv                            0x08004ef2   Section       40  btod.o(CL$$btod_ediv)
    CL$$btod_emul                            0x08004f1a   Section       40  btod.o(CL$$btod_emul)
    CL$$btod_mult_common                     0x08004f42   Section      580  btod.o(CL$$btod_mult_common)
    i.__ARM_fpclassify                       0x08005186   Section        0  fpclassify.o(i.__ARM_fpclassify)
    i._is_digit                              0x080051ae   Section        0  __printf_wp.o(i._is_digit)
    locale$$code                             0x080051bc   Section       44  lc_numeric_c.o(locale$$code)
    x$fpl$d2f                                0x080051e8   Section       98  d2f.o(x$fpl$d2f)
    x$fpl$dadd                               0x0800524c   Section      336  daddsub_clz.o(x$fpl$dadd)
    _dadd1                                   0x0800525d   Thumb Code     0  daddsub_clz.o(x$fpl$dadd)
    x$fpl$ddiv                               0x0800539c   Section      688  ddiv.o(x$fpl$ddiv)
    ddiv_entry                               0x080053a3   Thumb Code     0  ddiv.o(x$fpl$ddiv)
    x$fpl$dnaninf                            0x0800564c   Section      156  dnaninf.o(x$fpl$dnaninf)
    x$fpl$dretinf                            0x080056e8   Section       12  dretinf.o(x$fpl$dretinf)
    x$fpl$drsb                               0x080056f4   Section       22  daddsub_clz.o(x$fpl$drsb)
    x$fpl$dsub                               0x0800570c   Section      468  daddsub_clz.o(x$fpl$dsub)
    _dsub1                                   0x0800571d   Thumb Code     0  daddsub_clz.o(x$fpl$dsub)
    x$fpl$f2d                                0x080058e0   Section       86  f2d.o(x$fpl$f2d)
    x$fpl$ffltu                              0x08005938   Section       38  fflt_clz.o(x$fpl$ffltu)
    x$fpl$fmul                               0x08005960   Section      258  fmul.o(x$fpl$fmul)
    x$fpl$fnaninf                            0x08005a62   Section      140  fnaninf.o(x$fpl$fnaninf)
    x$fpl$fpinit                             0x08005aee   Section       14  fpinit.o(x$fpl$fpinit)
    x$fpl$fretinf                            0x08005afc   Section       10  fretinf.o(x$fpl$fretinf)
    x$fpl$printf1                            0x08005b06   Section        4  printf1.o(x$fpl$printf1)
    x$fpl$usenofp                            0x08005b0a   Section        0  usenofp.o(x$fpl$usenofp)
    .constdata                               0x08005b0c   Section      148  bigflt0.o(.constdata)
    tenpwrs_x                                0x08005b0c   Data          60  bigflt0.o(.constdata)
    tenpwrs_i                                0x08005b48   Data          64  bigflt0.o(.constdata)
    locale$$data                             0x08005bc0   Section       28  lc_numeric_c.o(locale$$data)
    __lcnum_c_name                           0x08005bc4   Data           2  lc_numeric_c.o(locale$$data)
    __lcnum_c_start                          0x08005bcc   Data           0  lc_numeric_c.o(locale$$data)
    __lcnum_c_point                          0x08005bd8   Data           0  lc_numeric_c.o(locale$$data)
    __lcnum_c_thousands                      0x08005bda   Data           0  lc_numeric_c.o(locale$$data)
    __lcnum_c_grouping                       0x08005bdb   Data           0  lc_numeric_c.o(locale$$data)
    __lcnum_c_end                            0x08005bdc   Data           0  lc_numeric_c.o(locale$$data)
    .data                                    0x20000000   Section       20  stm32f10x_rcc.o(.data)
    APBAHBPrescTable                         0x20000000   Data          16  stm32f10x_rcc.o(.data)
    ADCPrescTable                            0x20000010   Data           4  stm32f10x_rcc.o(.data)
    .data                                    0x20000014   Section       20  system_stm32f10x.o(.data)
    .data                                    0x20000028   Section        5  uart1.o(.data)
    .data                                    0x2000002d   Section        1  stmflash.o(.data)
    .data                                    0x2000002e   Section        5  battery.o(.data)
    .data                                    0x20000033   Section        1  hmc5883l.o(.data)
    i                                        0x20000033   Data           1  hmc5883l.o(.data)
    .data                                    0x20000034   Section        5  nrf24l01.o(.data)
    .data                                    0x2000003a   Section       12  main.o(.data)
    .data                                    0x20000048   Section        8  stm32f10x_it.o(.data)
    usTicks                                  0x20000048   Data           4  stm32f10x_it.o(.data)
    .bss                                     0x20000050   Section      280  uart1.o(.bss)
    .bss                                     0x20000168   Section       14  mpu6050.o(.bss)
    .bss                                     0x20000176   Section       66  hmc5883l.o(.bss)
    .bss                                     0x200001b8   Section       96  libspace.o(.bss)
    HEAP                                     0x20000218   Section      512  startup_stm32f10x_md.o(HEAP)
    Heap_Mem                                 0x20000218   Data         512  startup_stm32f10x_md.o(HEAP)
    STACK                                    0x20000418   Section     1024  startup_stm32f10x_md.o(STACK)
    Stack_Mem                                0x20000418   Data        1024  startup_stm32f10x_md.o(STACK)
    __initial_sp                             0x20000818   Data           0  startup_stm32f10x_md.o(STACK)

    Global Symbols

    Symbol Name                              Value     Ov Type        Size  Object(Section)

    BuildAttributes$$THM_ISAv4$P$D$K$B$S$PE$A:L22UL41UL21$X:L11$S22US41US21$IEEE1$IW$USESV6$~STKCKD$USESV7$~SHL$OTIME$ROPI$IEEEJ$EBA8$UX$STANDARDLIB$REQ8$PRES8$EABIv2 0x00000000   Number         0  anon$$obj.o ABSOLUTE
    __ARM_use_no_argv                        0x00000000   Number         0  main.o ABSOLUTE
    _printf_flags                            0x00000000   Number         0  printf_stubs.o ABSOLUTE
    _printf_return_value                     0x00000000   Number         0  printf_stubs.o ABSOLUTE
    _printf_sizespec                         0x00000000   Number         0  printf_stubs.o ABSOLUTE
    _printf_widthprec                        0x00000000   Number         0  printf_stubs.o ABSOLUTE
    __ARM_exceptions_init                     - Undefined Weak Reference
    __alloca_initialize                       - Undefined Weak Reference
    __cpp_initialize__aeabi_                  - Undefined Weak Reference
    __cxa_finalize                            - Undefined Weak Reference
    __sigvec_lookup                           - Undefined Weak Reference
    _atexit_init                              - Undefined Weak Reference
    _call_atexit_fns                          - Undefined Weak Reference
    _clock_init                               - Undefined Weak Reference
    _fp_trap_init                             - Undefined Weak Reference
    _fp_trap_shutdown                         - Undefined Weak Reference
    _get_lc_collate                           - Undefined Weak Reference
    _get_lc_ctype                             - Undefined Weak Reference
    _get_lc_monetary                          - Undefined Weak Reference
    _get_lc_time                              - Undefined Weak Reference
    _getenv_init                              - Undefined Weak Reference
    _handle_redirection                       - Undefined Weak Reference
    _init_alloc                               - Undefined Weak Reference
    _init_user_alloc                          - Undefined Weak Reference
    _initio                                   - Undefined Weak Reference
    _mutex_acquire                            - Undefined Weak Reference
    _mutex_release                            - Undefined Weak Reference
    _printf_post_padding                      - Undefined Weak Reference
    _printf_pre_padding                       - Undefined Weak Reference
    _printf_truncate_signed                   - Undefined Weak Reference
    _printf_truncate_unsigned                 - Undefined Weak Reference
    _rand_init                                - Undefined Weak Reference
    _signal_finish                            - Undefined Weak Reference
    _signal_init                              - Undefined Weak Reference
    _terminate_alloc                          - Undefined Weak Reference
    _terminate_user_alloc                     - Undefined Weak Reference
    _terminateio                              - Undefined Weak Reference
    __Vectors_Size                           0x000000ec   Number         0  startup_stm32f10x_md.o ABSOLUTE
    __Vectors                                0x08000000   Data           4  startup_stm32f10x_md.o(RESET)
    __Vectors_End                            0x080000ec   Data           0  startup_stm32f10x_md.o(RESET)
    __main                                   0x080000ed   Thumb Code     8  __main.o(!!!main)
    __scatterload                            0x080000f5   Thumb Code     0  __scatter.o(!!!scatter)
    __scatterload_rt2                        0x080000f5   Thumb Code    44  __scatter.o(!!!scatter)
    __scatterload_rt2_thumb_only             0x080000f5   Thumb Code     0  __scatter.o(!!!scatter)
    __scatterload_null                       0x08000103   Thumb Code     0  __scatter.o(!!!scatter)
    __scatterload_copy                       0x08000129   Thumb Code    26  __scatter_copy.o(!!handler_copy)
    __scatterload_zeroinit                   0x08000145   Thumb Code    28  __scatter_zi.o(!!handler_zi)
    _printf_f                                0x08000161   Thumb Code     0  _printf_f.o(.ARM.Collect$$_printf_percent$$00000003)
    _printf_percent                          0x08000161   Thumb Code     0  _printf_percent.o(.ARM.Collect$$_printf_percent$$00000000)
    _printf_d                                0x08000167   Thumb Code     0  _printf_d.o(.ARM.Collect$$_printf_percent$$00000009)
    _printf_percent_end                      0x0800016d   Thumb Code     0  _printf_percent_end.o(.ARM.Collect$$_printf_percent$$00000017)
    __rt_lib_init                            0x08000171   Thumb Code     0  libinit.o(.ARM.Collect$$libinit$$00000000)
    __rt_lib_init_heap_1                     0x08000177   Thumb Code     0  libinit2.o(.ARM.Collect$$libinit$$00000006)
    __rt_lib_init_lc_common                  0x08000177   Thumb Code     0  libinit2.o(.ARM.Collect$$libinit$$0000000B)
    __rt_lib_init_rand_1                     0x08000177   Thumb Code     0  libinit2.o(.ARM.Collect$$libinit$$0000000A)
    __rt_lib_init_user_alloc_1               0x08000177   Thumb Code     0  libinit2.o(.ARM.Collect$$libinit$$00000008)
    __rt_lib_init_lc_collate_1               0x0800017d   Thumb Code     0  libinit2.o(.ARM.Collect$$libinit$$0000000D)
    __rt_lib_init_lc_ctype_1                 0x0800017d   Thumb Code     0  libinit2.o(.ARM.Collect$$libinit$$0000000F)
    __rt_lib_init_lc_monetary_1              0x0800017d   Thumb Code     0  libinit2.o(.ARM.Collect$$libinit$$00000011)
    __rt_lib_init_lc_numeric_2               0x0800017d   Thumb Code     0  libinit2.o(.ARM.Collect$$libinit$$00000012)
    __rt_lib_init_alloca_1                   0x08000187   Thumb Code     0  libinit2.o(.ARM.Collect$$libinit$$0000002A)
    __rt_lib_init_argv_1                     0x08000187   Thumb Code     0  libinit2.o(.ARM.Collect$$libinit$$00000028)
    __rt_lib_init_atexit_1                   0x08000187   Thumb Code     0  libinit2.o(.ARM.Collect$$libinit$$00000017)
    __rt_lib_init_clock_1                    0x08000187   Thumb Code     0  libinit2.o(.ARM.Collect$$libinit$$0000001D)
    __rt_lib_init_cpp_1                      0x08000187   Thumb Code     0  libinit2.o(.ARM.Collect$$libinit$$0000002E)
    __rt_lib_init_exceptions_1               0x08000187   Thumb Code     0  libinit2.o(.ARM.Collect$$libinit$$0000002C)
    __rt_lib_init_fp_trap_1                  0x08000187   Thumb Code     0  libinit2.o(.ARM.Collect$$libinit$$0000001B)
    __rt_lib_init_getenv_1                   0x08000187   Thumb Code     0  libinit2.o(.ARM.Collect$$libinit$$0000001F)
    __rt_lib_init_lc_numeric_1               0x08000187   Thumb Code     0  libinit2.o(.ARM.Collect$$libinit$$00000013)
    __rt_lib_init_lc_time_1                  0x08000187   Thumb Code     0  libinit2.o(.ARM.Collect$$libinit$$00000015)
    __rt_lib_init_return                     0x08000187   Thumb Code     0  libinit2.o(.ARM.Collect$$libinit$$0000002F)
    __rt_lib_init_signal_1                   0x08000187   Thumb Code     0  libinit2.o(.ARM.Collect$$libinit$$00000019)
    __rt_lib_init_stdio_1                    0x08000187   Thumb Code     0  libinit2.o(.ARM.Collect$$libinit$$00000021)
    __rt_lib_shutdown                        0x08000189   Thumb Code     0  libshutdown.o(.ARM.Collect$$libshutdown$$00000000)
    __rt_lib_shutdown_fp_trap_1              0x0800018b   Thumb Code     0  libshutdown2.o(.ARM.Collect$$libshutdown$$00000006)
    __rt_lib_shutdown_heap_1                 0x0800018b   Thumb Code     0  libshutdown2.o(.ARM.Collect$$libshutdown$$0000000E)
    __rt_lib_shutdown_return                 0x0800018b   Thumb Code     0  libshutdown2.o(.ARM.Collect$$libshutdown$$0000000F)
    __rt_lib_shutdown_signal_1               0x0800018b   Thumb Code     0  libshutdown2.o(.ARM.Collect$$libshutdown$$00000009)
    __rt_lib_shutdown_stdio_1                0x0800018b   Thumb Code     0  libshutdown2.o(.ARM.Collect$$libshutdown$$00000003)
    __rt_lib_shutdown_user_alloc_1           0x0800018b   Thumb Code     0  libshutdown2.o(.ARM.Collect$$libshutdown$$0000000B)
    __rt_entry                               0x0800018d   Thumb Code     0  rtentry.o(.ARM.Collect$$rtentry$$00000000)
    __rt_entry_presh_1                       0x0800018d   Thumb Code     0  rtentry2.o(.ARM.Collect$$rtentry$$00000002)
    __rt_entry_sh                            0x0800018d   Thumb Code     0  rtentry4.o(.ARM.Collect$$rtentry$$00000004)
    __rt_entry_li                            0x08000193   Thumb Code     0  rtentry2.o(.ARM.Collect$$rtentry$$0000000A)
    __rt_entry_postsh_1                      0x08000193   Thumb Code     0  rtentry2.o(.ARM.Collect$$rtentry$$00000009)
    __rt_entry_main                          0x08000197   Thumb Code     0  rtentry2.o(.ARM.Collect$$rtentry$$0000000D)
    __rt_entry_postli_1                      0x08000197   Thumb Code     0  rtentry2.o(.ARM.Collect$$rtentry$$0000000C)
    __rt_exit                                0x0800019f   Thumb Code     0  rtexit.o(.ARM.Collect$$rtexit$$00000000)
    __rt_exit_ls                             0x080001a1   Thumb Code     0  rtexit2.o(.ARM.Collect$$rtexit$$00000003)
    __rt_exit_prels_1                        0x080001a1   Thumb Code     0  rtexit2.o(.ARM.Collect$$rtexit$$00000002)
    __rt_exit_exit                           0x080001a5   Thumb Code     0  rtexit2.o(.ARM.Collect$$rtexit$$00000004)
    Reset_Handler                            0x080001ad   Thumb Code     8  startup_stm32f10x_md.o(.text)
    ADC1_2_IRQHandler                        0x080001c7   Thumb Code     0  startup_stm32f10x_md.o(.text)
    CAN1_RX1_IRQHandler                      0x080001c7   Thumb Code     0  startup_stm32f10x_md.o(.text)
    CAN1_SCE_IRQHandler                      0x080001c7   Thumb Code     0  startup_stm32f10x_md.o(.text)
    DMA1_Channel2_IRQHandler                 0x080001c7   Thumb Code     0  startup_stm32f10x_md.o(.text)
    DMA1_Channel3_IRQHandler                 0x080001c7   Thumb Code     0  startup_stm32f10x_md.o(.text)
    DMA1_Channel4_IRQHandler                 0x080001c7   Thumb Code     0  startup_stm32f10x_md.o(.text)
    DMA1_Channel5_IRQHandler                 0x080001c7   Thumb Code     0  startup_stm32f10x_md.o(.text)
    DMA1_Channel6_IRQHandler                 0x080001c7   Thumb Code     0  startup_stm32f10x_md.o(.text)
    DMA1_Channel7_IRQHandler                 0x080001c7   Thumb Code     0  startup_stm32f10x_md.o(.text)
    EXTI0_IRQHandler                         0x080001c7   Thumb Code     0  startup_stm32f10x_md.o(.text)
    EXTI15_10_IRQHandler                     0x080001c7   Thumb Code     0  startup_stm32f10x_md.o(.text)
    EXTI1_IRQHandler                         0x080001c7   Thumb Code     0  startup_stm32f10x_md.o(.text)
    EXTI2_IRQHandler                         0x080001c7   Thumb Code     0  startup_stm32f10x_md.o(.text)
    EXTI3_IRQHandler                         0x080001c7   Thumb Code     0  startup_stm32f10x_md.o(.text)
    EXTI4_IRQHandler                         0x080001c7   Thumb Code     0  startup_stm32f10x_md.o(.text)
    FLASH_IRQHandler                         0x080001c7   Thumb Code     0  startup_stm32f10x_md.o(.text)
    I2C1_ER_IRQHandler                       0x080001c7   Thumb Code     0  startup_stm32f10x_md.o(.text)
    I2C1_EV_IRQHandler                       0x080001c7   Thumb Code     0  startup_stm32f10x_md.o(.text)
    I2C2_ER_IRQHandler                       0x080001c7   Thumb Code     0  startup_stm32f10x_md.o(.text)
    I2C2_EV_IRQHandler                       0x080001c7   Thumb Code     0  startup_stm32f10x_md.o(.text)
    PVD_IRQHandler                           0x080001c7   Thumb Code     0  startup_stm32f10x_md.o(.text)
    RCC_IRQHandler                           0x080001c7   Thumb Code     0  startup_stm32f10x_md.o(.text)
    RTCAlarm_IRQHandler                      0x080001c7   Thumb Code     0  startup_stm32f10x_md.o(.text)
    RTC_IRQHandler                           0x080001c7   Thumb Code     0  startup_stm32f10x_md.o(.text)
    SPI1_IRQHandler                          0x080001c7   Thumb Code     0  startup_stm32f10x_md.o(.text)
    SPI2_IRQHandler                          0x080001c7   Thumb Code     0  startup_stm32f10x_md.o(.text)
    TAMPER_IRQHandler                        0x080001c7   Thumb Code     0  startup_stm32f10x_md.o(.text)
    TIM1_BRK_IRQHandler                      0x080001c7   Thumb Code     0  startup_stm32f10x_md.o(.text)
    TIM1_CC_IRQHandler                       0x080001c7   Thumb Code     0  startup_stm32f10x_md.o(.text)
    TIM1_TRG_COM_IRQHandler                  0x080001c7   Thumb Code     0  startup_stm32f10x_md.o(.text)
    TIM1_UP_IRQHandler                       0x080001c7   Thumb Code     0  startup_stm32f10x_md.o(.text)
    TIM2_IRQHandler                          0x080001c7   Thumb Code     0  startup_stm32f10x_md.o(.text)
    TIM3_IRQHandler                          0x080001c7   Thumb Code     0  startup_stm32f10x_md.o(.text)
    TIM4_IRQHandler                          0x080001c7   Thumb Code     0  startup_stm32f10x_md.o(.text)
    USART2_IRQHandler                        0x080001c7   Thumb Code     0  startup_stm32f10x_md.o(.text)
    USART3_IRQHandler                        0x080001c7   Thumb Code     0  startup_stm32f10x_md.o(.text)
    USBWakeUp_IRQHandler                     0x080001c7   Thumb Code     0  startup_stm32f10x_md.o(.text)
    USB_HP_CAN1_TX_IRQHandler                0x080001c7   Thumb Code     0  startup_stm32f10x_md.o(.text)
    USB_LP_CAN1_RX0_IRQHandler               0x080001c7   Thumb Code     0  startup_stm32f10x_md.o(.text)
    WWDG_IRQHandler                          0x080001c7   Thumb Code     0  startup_stm32f10x_md.o(.text)
    __user_initial_stackheap                 0x080001c9   Thumb Code     0  startup_stm32f10x_md.o(.text)
    RCC_DeInit                               0x080001ed   Thumb Code    64  stm32f10x_rcc.o(.text)
    RCC_HSEConfig                            0x0800022d   Thumb Code    70  stm32f10x_rcc.o(.text)
    RCC_GetFlagStatus                        0x08000273   Thumb Code    56  stm32f10x_rcc.o(.text)
    RCC_WaitForHSEStartUp                    0x080002ab   Thumb Code    48  stm32f10x_rcc.o(.text)
    RCC_AdjustHSICalibrationValue            0x080002db   Thumb Code    20  stm32f10x_rcc.o(.text)
    RCC_HSICmd                               0x080002ef   Thumb Code     6  stm32f10x_rcc.o(.text)
    RCC_PLLConfig                            0x080002f5   Thumb Code    24  stm32f10x_rcc.o(.text)
    RCC_PLLCmd                               0x0800030d   Thumb Code     6  stm32f10x_rcc.o(.text)
    RCC_SYSCLKConfig                         0x08000313   Thumb Code    18  stm32f10x_rcc.o(.text)
    RCC_GetSYSCLKSource                      0x08000325   Thumb Code    10  stm32f10x_rcc.o(.text)
    RCC_HCLKConfig                           0x0800032f   Thumb Code    18  stm32f10x_rcc.o(.text)
    RCC_PCLK1Config                          0x08000341   Thumb Code    18  stm32f10x_rcc.o(.text)
    RCC_PCLK2Config                          0x08000353   Thumb Code    20  stm32f10x_rcc.o(.text)
    RCC_ITConfig                             0x08000367   Thumb Code    30  stm32f10x_rcc.o(.text)
    RCC_USBCLKConfig                         0x08000385   Thumb Code     6  stm32f10x_rcc.o(.text)
    RCC_ADCCLKConfig                         0x0800038b   Thumb Code    18  stm32f10x_rcc.o(.text)
    RCC_LSEConfig                            0x0800039d   Thumb Code    44  stm32f10x_rcc.o(.text)
    RCC_LSICmd                               0x080003c9   Thumb Code     6  stm32f10x_rcc.o(.text)
    RCC_RTCCLKConfig                         0x080003cf   Thumb Code    12  stm32f10x_rcc.o(.text)
    RCC_RTCCLKCmd                            0x080003db   Thumb Code     8  stm32f10x_rcc.o(.text)
    RCC_GetClocksFreq                        0x080003e3   Thumb Code   192  stm32f10x_rcc.o(.text)
    RCC_AHBPeriphClockCmd                    0x080004a3   Thumb Code    26  stm32f10x_rcc.o(.text)
    RCC_APB2PeriphClockCmd                   0x080004bd   Thumb Code    26  stm32f10x_rcc.o(.text)
    RCC_APB1PeriphClockCmd                   0x080004d7   Thumb Code    26  stm32f10x_rcc.o(.text)
    RCC_APB2PeriphResetCmd                   0x080004f1   Thumb Code    26  stm32f10x_rcc.o(.text)
    RCC_APB1PeriphResetCmd                   0x0800050b   Thumb Code    26  stm32f10x_rcc.o(.text)
    RCC_BackupResetCmd                       0x08000525   Thumb Code     8  stm32f10x_rcc.o(.text)
    RCC_ClockSecuritySystemCmd               0x0800052d   Thumb Code     6  stm32f10x_rcc.o(.text)
    RCC_MCOConfig                            0x08000533   Thumb Code     6  stm32f10x_rcc.o(.text)
    RCC_ClearFlag                            0x08000539   Thumb Code    14  stm32f10x_rcc.o(.text)
    RCC_GetITStatus                          0x08000547   Thumb Code    20  stm32f10x_rcc.o(.text)
    RCC_ClearITPendingBit                    0x0800055b   Thumb Code     6  stm32f10x_rcc.o(.text)
    GPIO_DeInit                              0x0800058d   Thumb Code   172  stm32f10x_gpio.o(.text)
    GPIO_AFIODeInit                          0x08000639   Thumb Code    20  stm32f10x_gpio.o(.text)
    GPIO_Init                                0x0800064d   Thumb Code   274  stm32f10x_gpio.o(.text)
    GPIO_StructInit                          0x0800075f   Thumb Code    16  stm32f10x_gpio.o(.text)
    GPIO_ReadInputDataBit                    0x0800076f   Thumb Code    18  stm32f10x_gpio.o(.text)
    GPIO_ReadInputData                       0x08000781   Thumb Code     8  stm32f10x_gpio.o(.text)
    GPIO_ReadOutputDataBit                   0x08000789   Thumb Code    18  stm32f10x_gpio.o(.text)
    GPIO_ReadOutputData                      0x0800079b   Thumb Code     8  stm32f10x_gpio.o(.text)
    GPIO_SetBits                             0x080007a3   Thumb Code     4  stm32f10x_gpio.o(.text)
    GPIO_ResetBits                           0x080007a7   Thumb Code     4  stm32f10x_gpio.o(.text)
    GPIO_WriteBit                            0x080007ab   Thumb Code    10  stm32f10x_gpio.o(.text)
    GPIO_Write                               0x080007b5   Thumb Code     4  stm32f10x_gpio.o(.text)
    GPIO_PinLockConfig                       0x080007b9   Thumb Code    18  stm32f10x_gpio.o(.text)
    GPIO_EventOutputConfig                   0x080007cb   Thumb Code    26  stm32f10x_gpio.o(.text)
    GPIO_EventOutputCmd                      0x080007e5   Thumb Code     6  stm32f10x_gpio.o(.text)
    GPIO_PinRemapConfig                      0x080007eb   Thumb Code   138  stm32f10x_gpio.o(.text)
    GPIO_EXTILineConfig                      0x08000875   Thumb Code    66  stm32f10x_gpio.o(.text)
    GPIO_ETH_MediaInterfaceConfig            0x080008b7   Thumb Code     6  stm32f10x_gpio.o(.text)
    NVIC_PriorityGroupConfig                 0x080008e5   Thumb Code    10  misc.o(.text)
    NVIC_Init                                0x080008ef   Thumb Code   102  misc.o(.text)
    NVIC_SetVectorTable                      0x08000955   Thumb Code    14  misc.o(.text)
    NVIC_SystemLPConfig                      0x08000963   Thumb Code    34  misc.o(.text)
    SysTick_CLKSourceConfig                  0x08000985   Thumb Code    40  misc.o(.text)
    ADC_DeInit                               0x080009c1   Thumb Code    78  stm32f10x_adc.o(.text)
    ADC_Init                                 0x08000a0f   Thumb Code    70  stm32f10x_adc.o(.text)
    ADC_StructInit                           0x08000a55   Thumb Code    18  stm32f10x_adc.o(.text)
    ADC_Cmd                                  0x08000a67   Thumb Code    22  stm32f10x_adc.o(.text)
    ADC_DMACmd                               0x08000a7d   Thumb Code    22  stm32f10x_adc.o(.text)
    ADC_ITConfig                             0x08000a93   Thumb Code    24  stm32f10x_adc.o(.text)
    ADC_ResetCalibration                     0x08000aab   Thumb Code    10  stm32f10x_adc.o(.text)
    ADC_GetResetCalibrationStatus            0x08000ab5   Thumb Code    20  stm32f10x_adc.o(.text)
    ADC_StartCalibration                     0x08000ac9   Thumb Code    10  stm32f10x_adc.o(.text)
    ADC_GetCalibrationStatus                 0x08000ad3   Thumb Code    20  stm32f10x_adc.o(.text)
    ADC_SoftwareStartConvCmd                 0x08000ae7   Thumb Code    22  stm32f10x_adc.o(.text)
    ADC_GetSoftwareStartConvStatus           0x08000afd   Thumb Code    20  stm32f10x_adc.o(.text)
    ADC_DiscModeChannelCountConfig           0x08000b11   Thumb Code    24  stm32f10x_adc.o(.text)
    ADC_DiscModeCmd                          0x08000b29   Thumb Code    22  stm32f10x_adc.o(.text)
    ADC_RegularChannelConfig                 0x08000b3f   Thumb Code   184  stm32f10x_adc.o(.text)
    ADC_ExternalTrigConvCmd                  0x08000bf7   Thumb Code    22  stm32f10x_adc.o(.text)
    ADC_GetConversionValue                   0x08000c0d   Thumb Code     8  stm32f10x_adc.o(.text)
    ADC_GetDualModeConversionValue           0x08000c15   Thumb Code     8  stm32f10x_adc.o(.text)
    ADC_AutoInjectedConvCmd                  0x08000c1d   Thumb Code    22  stm32f10x_adc.o(.text)
    ADC_InjectedDiscModeCmd                  0x08000c33   Thumb Code    22  stm32f10x_adc.o(.text)
    ADC_ExternalTrigInjectedConvConfig       0x08000c49   Thumb Code    16  stm32f10x_adc.o(.text)
    ADC_ExternalTrigInjectedConvCmd          0x08000c59   Thumb Code    22  stm32f10x_adc.o(.text)
    ADC_SoftwareStartInjectedConvCmd         0x08000c6f   Thumb Code    22  stm32f10x_adc.o(.text)
    ADC_GetSoftwareStartInjectedConvCmdStatus 0x08000c85   Thumb Code    20  stm32f10x_adc.o(.text)
    ADC_InjectedChannelConfig                0x08000c99   Thumb Code   130  stm32f10x_adc.o(.text)
    ADC_InjectedSequencerLengthConfig        0x08000d1b   Thumb Code    24  stm32f10x_adc.o(.text)
    ADC_SetInjectedOffset                    0x08000d33   Thumb Code    12  stm32f10x_adc.o(.text)
    ADC_GetInjectedConversionValue           0x08000d3f   Thumb Code    18  stm32f10x_adc.o(.text)
    ADC_AnalogWatchdogCmd                    0x08000d51   Thumb Code    16  stm32f10x_adc.o(.text)
    ADC_AnalogWatchdogThresholdsConfig       0x08000d61   Thumb Code     6  stm32f10x_adc.o(.text)
    ADC_AnalogWatchdogSingleChannelConfig    0x08000d67   Thumb Code    16  stm32f10x_adc.o(.text)
    ADC_TempSensorVrefintCmd                 0x08000d77   Thumb Code    38  stm32f10x_adc.o(.text)
    ADC_GetFlagStatus                        0x08000d9d   Thumb Code    44  stm32f10x_adc.o(.text)
    ADC_ClearFlag                            0x08000dc9   Thumb Code     6  stm32f10x_adc.o(.text)
    ADC_GetITStatus                          0x08000dcf   Thumb Code    36  stm32f10x_adc.o(.text)
    ADC_ClearITPendingBit                    0x08000df3   Thumb Code    10  stm32f10x_adc.o(.text)
    USART_DeInit                             0x08000dfd   Thumb Code   134  stm32f10x_usart.o(.text)
    USART_Init                               0x08000e83   Thumb Code   210  stm32f10x_usart.o(.text)
    USART_StructInit                         0x08000f55   Thumb Code    24  stm32f10x_usart.o(.text)
    USART_ClockInit                          0x08000f6d   Thumb Code    34  stm32f10x_usart.o(.text)
    USART_ClockStructInit                    0x08000f8f   Thumb Code    12  stm32f10x_usart.o(.text)
    USART_Cmd                                0x08000f9b   Thumb Code    24  stm32f10x_usart.o(.text)
    USART_ITConfig                           0x08000fb3   Thumb Code    74  stm32f10x_usart.o(.text)
    USART_DMACmd                             0x08000ffd   Thumb Code    24  stm32f10x_usart.o(.text)
    USART_SetAddress                         0x08001015   Thumb Code    18  stm32f10x_usart.o(.text)
    USART_WakeUpConfig                       0x08001027   Thumb Code    18  stm32f10x_usart.o(.text)
    USART_ReceiverWakeUpCmd                  0x08001039   Thumb Code    24  stm32f10x_usart.o(.text)
    USART_LINBreakDetectLengthConfig         0x08001051   Thumb Code    18  stm32f10x_usart.o(.text)
    USART_LINCmd                             0x08001063   Thumb Code    24  stm32f10x_usart.o(.text)
    USART_SendData                           0x0800107b   Thumb Code     8  stm32f10x_usart.o(.text)
    USART_ReceiveData                        0x08001083   Thumb Code    10  stm32f10x_usart.o(.text)
    USART_SendBreak                          0x0800108d   Thumb Code    10  stm32f10x_usart.o(.text)
    USART_SetGuardTime                       0x08001097   Thumb Code    16  stm32f10x_usart.o(.text)
    USART_SetPrescaler                       0x080010a7   Thumb Code    16  stm32f10x_usart.o(.text)
    USART_SmartCardCmd                       0x080010b7   Thumb Code    24  stm32f10x_usart.o(.text)
    USART_SmartCardNACKCmd                   0x080010cf   Thumb Code    24  stm32f10x_usart.o(.text)
    USART_HalfDuplexCmd                      0x080010e7   Thumb Code    24  stm32f10x_usart.o(.text)
    USART_OverSampling8Cmd                   0x080010ff   Thumb Code    22  stm32f10x_usart.o(.text)
    USART_OneBitMethodCmd                    0x08001115   Thumb Code    24  stm32f10x_usart.o(.text)
    USART_IrDAConfig                         0x0800112d   Thumb Code    18  stm32f10x_usart.o(.text)
    USART_IrDACmd                            0x0800113f   Thumb Code    24  stm32f10x_usart.o(.text)
    USART_GetFlagStatus                      0x08001157   Thumb Code    26  stm32f10x_usart.o(.text)
    USART_ClearFlag                          0x08001171   Thumb Code    18  stm32f10x_usart.o(.text)
    USART_GetITStatus                        0x08001183   Thumb Code    84  stm32f10x_usart.o(.text)
    USART_ClearITPendingBit                  0x080011d7   Thumb Code    50  stm32f10x_usart.o(.text)
    SPI_I2S_DeInit                           0x08001209   Thumb Code    76  stm32f10x_spi.o(.text)
    SPI_Init                                 0x08001255   Thumb Code    60  stm32f10x_spi.o(.text)
    I2S_Init                                 0x08001291   Thumb Code   222  stm32f10x_spi.o(.text)
    SPI_StructInit                           0x0800136f   Thumb Code    24  stm32f10x_spi.o(.text)
    I2S_StructInit                           0x08001387   Thumb Code    20  stm32f10x_spi.o(.text)
    SPI_Cmd                                  0x0800139b   Thumb Code    24  stm32f10x_spi.o(.text)
    I2S_Cmd                                  0x080013b3   Thumb Code    24  stm32f10x_spi.o(.text)
    SPI_I2S_ITConfig                         0x080013cb   Thumb Code    36  stm32f10x_spi.o(.text)
    SPI_I2S_DMACmd                           0x080013ef   Thumb Code    24  stm32f10x_spi.o(.text)
    SPI_I2S_SendData                         0x08001407   Thumb Code     4  stm32f10x_spi.o(.text)
    SPI_I2S_ReceiveData                      0x0800140b   Thumb Code     6  stm32f10x_spi.o(.text)
    SPI_NSSInternalSoftwareConfig            0x08001411   Thumb Code    30  stm32f10x_spi.o(.text)
    SPI_SSOutputCmd                          0x0800142f   Thumb Code    24  stm32f10x_spi.o(.text)
    SPI_DataSizeConfig                       0x08001447   Thumb Code    18  stm32f10x_spi.o(.text)
    SPI_TransmitCRC                          0x08001459   Thumb Code    10  stm32f10x_spi.o(.text)
    SPI_CalculateCRC                         0x08001463   Thumb Code    24  stm32f10x_spi.o(.text)
    SPI_GetCRC                               0x0800147b   Thumb Code    16  stm32f10x_spi.o(.text)
    SPI_GetCRCPolynomial                     0x0800148b   Thumb Code     6  stm32f10x_spi.o(.text)
    SPI_BiDirectionalLineConfig              0x08001491   Thumb Code    28  stm32f10x_spi.o(.text)
    SPI_I2S_GetFlagStatus                    0x080014ad   Thumb Code    18  stm32f10x_spi.o(.text)
    SPI_I2S_ClearFlag                        0x080014bf   Thumb Code     6  stm32f10x_spi.o(.text)
    SPI_I2S_GetITStatus                      0x080014c5   Thumb Code    52  stm32f10x_spi.o(.text)
    SPI_I2S_ClearITPendingBit                0x080014f9   Thumb Code    20  stm32f10x_spi.o(.text)
    TIM_DeInit                               0x08001519   Thumb Code   424  stm32f10x_tim.o(.text)
    TIM_TimeBaseInit                         0x080016c1   Thumb Code   122  stm32f10x_tim.o(.text)
    TIM_OC1Init                              0x0800173b   Thumb Code   132  stm32f10x_tim.o(.text)
    TIM_OC2Init                              0x080017bf   Thumb Code   146  stm32f10x_tim.o(.text)
    TIM_OC3Init                              0x08001851   Thumb Code   142  stm32f10x_tim.o(.text)
    TIM_OC4Init                              0x080018df   Thumb Code   174  stm32f10x_tim.o(.text)
    TIM_SetIC4Prescaler                      0x0800198d   Thumb Code    22  stm32f10x_tim.o(.text)
    TIM_SetIC3Prescaler                      0x08001a19   Thumb Code    18  stm32f10x_tim.o(.text)
    TIM_SetIC2Prescaler                      0x08001a9d   Thumb Code    22  stm32f10x_tim.o(.text)
    TIM_SetIC1Prescaler                      0x08001b29   Thumb Code    18  stm32f10x_tim.o(.text)
    TIM_ICInit                               0x08001ba5   Thumb Code   150  stm32f10x_tim.o(.text)
    TIM_PWMIConfig                           0x08001c3b   Thumb Code   124  stm32f10x_tim.o(.text)
    TIM_BDTRConfig                           0x08001cb7   Thumb Code    32  stm32f10x_tim.o(.text)
    TIM_TimeBaseStructInit                   0x08001cd7   Thumb Code    18  stm32f10x_tim.o(.text)
    TIM_OCStructInit                         0x08001ce9   Thumb Code    20  stm32f10x_tim.o(.text)
    TIM_ICStructInit                         0x08001cfd   Thumb Code    18  stm32f10x_tim.o(.text)
    TIM_BDTRStructInit                       0x08001d0f   Thumb Code    18  stm32f10x_tim.o(.text)
    TIM_Cmd                                  0x08001d21   Thumb Code    24  stm32f10x_tim.o(.text)
    TIM_CtrlPWMOutputs                       0x08001d39   Thumb Code    50  stm32f10x_tim.o(.text)
    TIM_ITConfig                             0x08001d6b   Thumb Code    24  stm32f10x_tim.o(.text)
    TIM_GenerateEvent                        0x08001d83   Thumb Code     4  stm32f10x_tim.o(.text)
    TIM_DMAConfig                            0x08001d87   Thumb Code    10  stm32f10x_tim.o(.text)
    TIM_DMACmd                               0x08001d91   Thumb Code    24  stm32f10x_tim.o(.text)
    TIM_InternalClockConfig                  0x08001da9   Thumb Code    12  stm32f10x_tim.o(.text)
    TIM_SelectInputTrigger                   0x08001db5   Thumb Code    18  stm32f10x_tim.o(.text)
    TIM_ITRxExternalClockConfig              0x08001dc7   Thumb Code    24  stm32f10x_tim.o(.text)
    TIM_TIxExternalClockConfig               0x08001ddf   Thumb Code    62  stm32f10x_tim.o(.text)
    TIM_ETRConfig                            0x08001e1d   Thumb Code    24  stm32f10x_tim.o(.text)
    TIM_ETRClockMode1Config                  0x08001e35   Thumb Code    54  stm32f10x_tim.o(.text)
    TIM_ETRClockMode2Config                  0x08001e6b   Thumb Code    32  stm32f10x_tim.o(.text)
    TIM_PrescalerConfig                      0x08001e8b   Thumb Code     6  stm32f10x_tim.o(.text)
    TIM_CounterModeConfig                    0x08001e91   Thumb Code    18  stm32f10x_tim.o(.text)
    TIM_EncoderInterfaceConfig               0x08001ea3   Thumb Code    62  stm32f10x_tim.o(.text)
    TIM_ForcedOC1Config                      0x08001ee1   Thumb Code    18  stm32f10x_tim.o(.text)
    TIM_ForcedOC2Config                      0x08001ef3   Thumb Code    22  stm32f10x_tim.o(.text)
    TIM_ForcedOC3Config                      0x08001f09   Thumb Code    18  stm32f10x_tim.o(.text)
    TIM_ForcedOC4Config                      0x08001f1b   Thumb Code    22  stm32f10x_tim.o(.text)
    TIM_ARRPreloadConfig                     0x08001f31   Thumb Code    24  stm32f10x_tim.o(.text)
    TIM_SelectCOM                            0x08001f49   Thumb Code    24  stm32f10x_tim.o(.text)
    TIM_SelectCCDMA                          0x08001f61   Thumb Code    24  stm32f10x_tim.o(.text)
    TIM_CCPreloadControl                     0x08001f79   Thumb Code    24  stm32f10x_tim.o(.text)
    TIM_OC1PreloadConfig                     0x08001f91   Thumb Code    18  stm32f10x_tim.o(.text)
    TIM_OC2PreloadConfig                     0x08001fa3   Thumb Code    22  stm32f10x_tim.o(.text)
    TIM_OC3PreloadConfig                     0x08001fb9   Thumb Code    18  stm32f10x_tim.o(.text)
    TIM_OC4PreloadConfig                     0x08001fcb   Thumb Code    22  stm32f10x_tim.o(.text)
    TIM_OC1FastConfig                        0x08001fe1   Thumb Code    18  stm32f10x_tim.o(.text)
    TIM_OC2FastConfig                        0x08001ff3   Thumb Code    22  stm32f10x_tim.o(.text)
    TIM_OC3FastConfig                        0x08002009   Thumb Code    18  stm32f10x_tim.o(.text)
    TIM_OC4FastConfig                        0x0800201b   Thumb Code    22  stm32f10x_tim.o(.text)
    TIM_ClearOC1Ref                          0x08002031   Thumb Code    18  stm32f10x_tim.o(.text)
    TIM_ClearOC2Ref                          0x08002043   Thumb Code    20  stm32f10x_tim.o(.text)
    TIM_ClearOC3Ref                          0x08002057   Thumb Code    18  stm32f10x_tim.o(.text)
    TIM_ClearOC4Ref                          0x08002069   Thumb Code    20  stm32f10x_tim.o(.text)
    TIM_OC1PolarityConfig                    0x0800207d   Thumb Code    18  stm32f10x_tim.o(.text)
    TIM_OC1NPolarityConfig                   0x0800208f   Thumb Code    18  stm32f10x_tim.o(.text)
    TIM_OC2PolarityConfig                    0x080020a1   Thumb Code    22  stm32f10x_tim.o(.text)
    TIM_OC2NPolarityConfig                   0x080020b7   Thumb Code    22  stm32f10x_tim.o(.text)
    TIM_OC3PolarityConfig                    0x080020cd   Thumb Code    22  stm32f10x_tim.o(.text)
    TIM_OC3NPolarityConfig                   0x080020e3   Thumb Code    22  stm32f10x_tim.o(.text)
    TIM_OC4PolarityConfig                    0x080020f9   Thumb Code    22  stm32f10x_tim.o(.text)
    TIM_CCxCmd                               0x0800210f   Thumb Code    34  stm32f10x_tim.o(.text)
    TIM_CCxNCmd                              0x08002131   Thumb Code    34  stm32f10x_tim.o(.text)
    TIM_SelectOCxM                           0x08002153   Thumb Code    82  stm32f10x_tim.o(.text)
    TIM_UpdateDisableConfig                  0x080021a5   Thumb Code    24  stm32f10x_tim.o(.text)
    TIM_UpdateRequestConfig                  0x080021bd   Thumb Code    24  stm32f10x_tim.o(.text)
    TIM_SelectHallSensor                     0x080021d5   Thumb Code    24  stm32f10x_tim.o(.text)
    TIM_SelectOnePulseMode                   0x080021ed   Thumb Code    18  stm32f10x_tim.o(.text)
    TIM_SelectOutputTrigger                  0x080021ff   Thumb Code    18  stm32f10x_tim.o(.text)
    TIM_SelectSlaveMode                      0x08002211   Thumb Code    18  stm32f10x_tim.o(.text)
    TIM_SelectMasterSlaveMode                0x08002223   Thumb Code    18  stm32f10x_tim.o(.text)
    TIM_SetCounter                           0x08002235   Thumb Code     4  stm32f10x_tim.o(.text)
    TIM_SetAutoreload                        0x08002239   Thumb Code     4  stm32f10x_tim.o(.text)
    TIM_SetCompare1                          0x0800223d   Thumb Code     4  stm32f10x_tim.o(.text)
    TIM_SetCompare2                          0x08002241   Thumb Code     4  stm32f10x_tim.o(.text)
    TIM_SetCompare3                          0x08002245   Thumb Code     4  stm32f10x_tim.o(.text)
    TIM_SetCompare4                          0x08002249   Thumb Code     6  stm32f10x_tim.o(.text)
    TIM_SetClockDivision                     0x0800224f   Thumb Code    18  stm32f10x_tim.o(.text)
    TIM_GetCapture1                          0x08002261   Thumb Code     6  stm32f10x_tim.o(.text)
    TIM_GetCapture2                          0x08002267   Thumb Code     6  stm32f10x_tim.o(.text)
    TIM_GetCapture3                          0x0800226d   Thumb Code     6  stm32f10x_tim.o(.text)
    TIM_GetCapture4                          0x08002273   Thumb Code     8  stm32f10x_tim.o(.text)
    TIM_GetCounter                           0x0800227b   Thumb Code     6  stm32f10x_tim.o(.text)
    TIM_GetPrescaler                         0x08002281   Thumb Code     6  stm32f10x_tim.o(.text)
    TIM_GetFlagStatus                        0x08002287   Thumb Code    18  stm32f10x_tim.o(.text)
    TIM_ClearFlag                            0x08002299   Thumb Code     6  stm32f10x_tim.o(.text)
    TIM_GetITStatus                          0x0800229f   Thumb Code    34  stm32f10x_tim.o(.text)
    TIM_ClearITPendingBit                    0x080022c1   Thumb Code     6  stm32f10x_tim.o(.text)
    FLASH_SetLatency                         0x080022c9   Thumb Code    18  stm32f10x_flash.o(.text)
    FLASH_HalfCycleAccessCmd                 0x080022db   Thumb Code    22  stm32f10x_flash.o(.text)
    FLASH_PrefetchBufferCmd                  0x080022f1   Thumb Code    22  stm32f10x_flash.o(.text)
    FLASH_Unlock                             0x08002307   Thumb Code    12  stm32f10x_flash.o(.text)
    FLASH_UnlockBank1                        0x08002313   Thumb Code    12  stm32f10x_flash.o(.text)
    FLASH_Lock                               0x0800231f   Thumb Code    14  stm32f10x_flash.o(.text)
    FLASH_LockBank1                          0x0800232d   Thumb Code    14  stm32f10x_flash.o(.text)
    FLASH_GetBank1Status                     0x0800233b   Thumb Code    50  stm32f10x_flash.o(.text)
    FLASH_WaitForLastOperation               0x0800236d   Thumb Code    38  stm32f10x_flash.o(.text)
    FLASH_ErasePage                          0x08002393   Thumb Code    72  stm32f10x_flash.o(.text)
    FLASH_EraseAllPages                      0x080023db   Thumb Code    68  stm32f10x_flash.o(.text)
    FLASH_WaitForLastBank1Operation          0x0800241f   Thumb Code    38  stm32f10x_flash.o(.text)
    FLASH_EraseAllBank1Pages                 0x08002445   Thumb Code    68  stm32f10x_flash.o(.text)
    FLASH_GetReadOutProtectionStatus         0x08002489   Thumb Code    20  stm32f10x_flash.o(.text)
    FLASH_EraseOptionBytes                   0x0800249d   Thumb Code   150  stm32f10x_flash.o(.text)
    FLASH_ProgramWord                        0x08002533   Thumb Code    96  stm32f10x_flash.o(.text)
    FLASH_ProgramHalfWord                    0x08002593   Thumb Code    60  stm32f10x_flash.o(.text)
    FLASH_ProgramOptionByteData              0x080025cf   Thumb Code    72  stm32f10x_flash.o(.text)
    FLASH_EnableWriteProtection              0x08002617   Thumb Code   200  stm32f10x_flash.o(.text)
    FLASH_ReadOutProtection                  0x080026df   Thumb Code   156  stm32f10x_flash.o(.text)
    FLASH_UserOptionByteConfig               0x0800277b   Thumb Code    88  stm32f10x_flash.o(.text)
    FLASH_GetUserOptionByte                  0x080027d3   Thumb Code     8  stm32f10x_flash.o(.text)
    FLASH_GetWriteProtectionOptionByte       0x080027db   Thumb Code     6  stm32f10x_flash.o(.text)
    FLASH_GetPrefetchBufferStatus            0x080027e1   Thumb Code    20  stm32f10x_flash.o(.text)
    FLASH_ITConfig                           0x080027f5   Thumb Code    26  stm32f10x_flash.o(.text)
    FLASH_GetFlagStatus                      0x0800280f   Thumb Code    42  stm32f10x_flash.o(.text)
    FLASH_ClearFlag                          0x08002839   Thumb Code     6  stm32f10x_flash.o(.text)
    FLASH_GetStatus                          0x0800283f   Thumb Code    50  stm32f10x_flash.o(.text)
    DMA_DeInit                               0x08002881   Thumb Code   324  stm32f10x_dma.o(.text)
    DMA_Init                                 0x080029c5   Thumb Code    60  stm32f10x_dma.o(.text)
    DMA_StructInit                           0x08002a01   Thumb Code    26  stm32f10x_dma.o(.text)
    DMA_Cmd                                  0x08002a1b   Thumb Code    24  stm32f10x_dma.o(.text)
    DMA_ITConfig                             0x08002a33   Thumb Code    18  stm32f10x_dma.o(.text)
    DMA_SetCurrDataCounter                   0x08002a45   Thumb Code     4  stm32f10x_dma.o(.text)
    DMA_GetCurrDataCounter                   0x08002a49   Thumb Code     8  stm32f10x_dma.o(.text)
    DMA_GetFlagStatus                        0x08002a51   Thumb Code    38  stm32f10x_dma.o(.text)
    DMA_ClearFlag                            0x08002a77   Thumb Code    22  stm32f10x_dma.o(.text)
    DMA_GetITStatus                          0x08002a8d   Thumb Code    38  stm32f10x_dma.o(.text)
    DMA_ClearITPendingBit                    0x08002ab3   Thumb Code    22  stm32f10x_dma.o(.text)
    SystemInit                               0x08002b99   Thumb Code    78  system_stm32f10x.o(.text)
    SystemCoreClockUpdate                    0x08002be7   Thumb Code   142  system_stm32f10x.o(.text)
    _sys_exit                                0x08002c99   Thumb Code     6  uart1.o(.text)
    fputc                                    0x08002c9f   Thumb Code    22  uart1.o(.text)
    UART1_Init                               0x08002cb5   Thumb Code   222  uart1.o(.text)
    UartBuf_WD                               0x08002d93   Thumb Code    18  uart1.o(.text)
    UART1_Put_char                           0x08002da5   Thumb Code    26  uart1.o(.text)
    UartBuf_RD                               0x08002dbf   Thumb Code    20  uart1.o(.text)
    UartBuf_Cnt                              0x08002dd3   Thumb Code    26  uart1.o(.text)
    UartBufClear                             0x08002ded   Thumb Code     8  uart1.o(.text)
    UartSendBuffer                           0x08002df5   Thumb Code    42  uart1.o(.text)
    USART1_IRQHandler                        0x08002e1f   Thumb Code    96  uart1.o(.text)
    RTtest                                   0x08002e7f   Thumb Code    56  uart1.o(.text)
    STMFLASH_Unlock                          0x08002efd   Thumb Code    20  stmflash.o(.text)
    STMFLASH_Lock                            0x08002f11   Thumb Code    14  stmflash.o(.text)
    STMFLASH_GetStatus                       0x08002f1f   Thumb Code    38  stmflash.o(.text)
    FLASH_Write                              0x08002f45   Thumb Code    96  stmflash.o(.text)
    FLASH_READ                               0x08002fa5   Thumb Code    70  stmflash.o(.text)
    TimerNvIC_Configuration                  0x08003021   Thumb Code    60  tim.o(.text)
    TIM4_Init                                0x0800305d   Thumb Code    88  tim.o(.text)
    TIM3_Init                                0x080030b5   Thumb Code    84  tim.o(.text)
    TIM_Init                                 0x08003109   Thumb Code    24  tim.o(.text)
    MotorInit                                0x08003151   Thumb Code   216  moto.o(.text)
    MotorPwmFlash                            0x08003229   Thumb Code    82  moto.o(.text)
    BatteryCheckInit                         0x080032a1   Thumb Code   310  battery.o(.text)
    DMA1_Channel1_IRQHandler                 0x080033d7   Thumb Code    24  battery.o(.text)
    AdcDmaTest                               0x080033ef   Thumb Code   140  battery.o(.text)
    delay_us                                 0x080034c9   Thumb Code    24  delay.o(.text)
    delay_ms                                 0x080034e1   Thumb Code    34  delay.o(.text)
    IIC_Init                                 0x08003505   Thumb Code    44  iic_polling.o(.text)
    i2c_start                                0x08003541   Thumb Code    78  iic_polling.o(.text)
    i2c_stop                                 0x0800358f   Thumb Code    52  iic_polling.o(.text)
    i2c_ack                                  0x080035c3   Thumb Code    52  iic_polling.o(.text)
    i2c_no_ack                               0x080035f7   Thumb Code    52  iic_polling.o(.text)
    i2c_wait_ack                             0x0800362b   Thumb Code    98  iic_polling.o(.text)
    IIC_SendByte                             0x0800368d   Thumb Code    84  iic_polling.o(.text)
    IIC_ReadByteAck                          0x080036e1   Thumb Code    96  iic_polling.o(.text)
    I2C_ReadOneByte                          0x08003741   Thumb Code    80  iic_polling.o(.text)
    IICReadBytes                             0x08003791   Thumb Code   106  iic_polling.o(.text)
    IICWriteBytes                            0x080037fb   Thumb Code    70  iic_polling.o(.text)
    IICReadByte                              0x08003841   Thumb Code    22  iic_polling.o(.text)
    IICWriteByte                             0x08003857   Thumb Code    20  iic_polling.o(.text)
    Mpu6050Init                              0x08003881   Thumb Code    90  mpu6050.o(.text)
    MPU6050TestConnection                    0x080038db   Thumb Code    40  mpu6050.o(.text)
    HMC5883_GetId                            0x08003915   Thumb Code    36  hmc5883l.o(.text)
    HMC5883_Check                            0x08003939   Thumb Code    48  hmc5883l.o(.text)
    HMC5883_writeReg                         0x08003969   Thumb Code    18  hmc5883l.o(.text)
    HMC5883_setMode                          0x0800397b   Thumb Code    28  hmc5883l.o(.text)
    HMC5883_newValue                         0x08003997   Thumb Code   172  hmc5883l.o(.text)
    HMC5883_GetRaw                           0x08003a43   Thumb Code    98  hmc5883l.o(.text)
    HMC5883_FifoInit                         0x08003aa5   Thumb Code    32  hmc5883l.o(.text)
    HMC5883_Test                             0x08003ac5   Thumb Code    32  hmc5883l.o(.text)
    HMC5883_Init                             0x08003ae5   Thumb Code    36  hmc5883l.o(.text)
    NRF_WriteReg                             0x08003b55   Thumb Code    44  nrf24l01.o(.text)
    NRF_ReadReg                              0x08003b81   Thumb Code    42  nrf24l01.o(.text)
    NRF_WriteBuf                             0x08003bab   Thumb Code    62  nrf24l01.o(.text)
    NRF_ReadBuf                              0x08003be9   Thumb Code    64  nrf24l01.o(.text)
    NRF_TxPacket                             0x08003c29   Thumb Code    36  nrf24l01.o(.text)
    NRF24L01_Check                           0x08003c4d   Thumb Code    86  nrf24l01.o(.text)
    NRF24L01_RxPacket                        0x08003ca3   Thumb Code    52  nrf24l01.o(.text)
    SetRxMode                                0x08003cd7   Thumb Code    94  nrf24l01.o(.text)
    NRF24L01_Init                            0x08003d35   Thumb Code    16  nrf24l01.o(.text)
    SPI1_Init                                0x08003d9d   Thumb Code   170  spi.o(.text)
    SPI_RW                                   0x08003e47   Thumb Code    78  spi.o(.text)
    main                                     0x08003ead   Thumb Code   224  main.o(.text)
    SysTickHandler                           0x08003f8d   Thumb Code    12  main.o(.text)
    NMI_Handler                              0x08003fc5   Thumb Code     2  stm32f10x_it.o(.text)
    HardFault_Handler                        0x08003fc7   Thumb Code     4  stm32f10x_it.o(.text)
    MemManage_Handler                        0x08003fcb   Thumb Code     4  stm32f10x_it.o(.text)
    BusFault_Handler                         0x08003fcf   Thumb Code     4  stm32f10x_it.o(.text)
    UsageFault_Handler                       0x08003fd3   Thumb Code     4  stm32f10x_it.o(.text)
    SVC_Handler                              0x08003fd7   Thumb Code     2  stm32f10x_it.o(.text)
    DebugMon_Handler                         0x08003fd9   Thumb Code     2  stm32f10x_it.o(.text)
    PendSV_Handler                           0x08003fdb   Thumb Code     2  stm32f10x_it.o(.text)
    SysTick_Handler                          0x08003fdd   Thumb Code    18  stm32f10x_it.o(.text)
    cycleCounter                             0x08003fef   Thumb Code    28  stm32f10x_it.o(.text)
    micros                                   0x0800400b   Thumb Code    44  stm32f10x_it.o(.text)
    millis                                   0x08004037   Thumb Code     6  stm32f10x_it.o(.text)
    EXTI9_5_IRQHandler                       0x0800403d   Thumb Code     2  stm32f10x_it.o(.text)
    __use_no_semihosting                     0x08004051   Thumb Code     2  use_no_semi_2.o(.text)
    __2printf                                0x08004055   Thumb Code    20  noretval__2printf.o(.text)
    _printf_int_dec                          0x0800406d   Thumb Code   102  _printf_dec.o(.text)
    __printf                                 0x080040e5   Thumb Code   270  __printf_wp.o(.text)
    __use_two_region_memory                  0x080041f3   Thumb Code     2  heapauxi.o(.text)
    __rt_heap_escrow$2region                 0x080041f5   Thumb Code     2  heapauxi.o(.text)
    __rt_heap_expand$2region                 0x080041f7   Thumb Code     2  heapauxi.o(.text)
    __I$use$semihosting                      0x080041f9   Thumb Code     0  use_no_semi.o(.text)
    __use_no_semihosting_swi                 0x080041f9   Thumb Code     2  use_no_semi.o(.text)
    _printf_int_common                       0x080041fb   Thumb Code   184  _printf_intcommon.o(.text)
    __lib_sel_fp_printf                      0x080042b3   Thumb Code     2  _printf_fp_dec.o(.text)
    _printf_fp_dec_real                      0x08004461   Thumb Code   626  _printf_fp_dec.o(.text)
    _printf_char_file                        0x080046d5   Thumb Code    32  _printf_char_file.o(.text)
    __rt_locale                              0x080046f9   Thumb Code     8  rt_locale_intlibspace.o(.text)
    _ll_udiv10                               0x08004701   Thumb Code   138  lludiv10.o(.text)
    _printf_char_common                      0x08004797   Thumb Code    32  _printf_char_common.o(.text)
    _printf_fp_infnan                        0x080047bd   Thumb Code   112  _printf_fp_infnan.o(.text)
    _btod_etento                             0x0800483d   Thumb Code   222  bigflt0.o(.text)
    ferror                                   0x08004921   Thumb Code     8  ferror.o(.text)
    __user_libspace                          0x08004929   Thumb Code     8  libspace.o(.text)
    __user_perproc_libspace                  0x08004929   Thumb Code     0  libspace.o(.text)
    __user_perthread_libspace                0x08004929   Thumb Code     0  libspace.o(.text)
    __user_setup_stackheap                   0x08004931   Thumb Code    74  sys_stackheap_outer.o(.text)
    exit                                     0x0800497b   Thumb Code    12  exit.o(.text)
    strcmp                                   0x08004989   Thumb Code   128  strcmpv7m.o(.text)
    __rt_fp_status_addr                      0x08004a09   Thumb Code     8  rt_fp_status_addr_intlibspace.o(.text)
    _btod_d2e                                0x08004a11   Thumb Code    62  btod.o(CL$$btod_d2e)
    _d2e_denorm_low                          0x08004a4f   Thumb Code    70  btod.o(CL$$btod_d2e_denorm_low)
    _d2e_norm_op1                            0x08004a95   Thumb Code    96  btod.o(CL$$btod_d2e_norm_op1)
    __btod_div_common                        0x08004af5   Thumb Code   696  btod.o(CL$$btod_div_common)
    _e2e                                     0x08004e2d   Thumb Code   198  btod.o(CL$$btod_e2e)
    _btod_ediv                               0x08004ef3   Thumb Code    40  btod.o(CL$$btod_ediv)
    _btod_emul                               0x08004f1b   Thumb Code    40  btod.o(CL$$btod_emul)
    __btod_mult_common                       0x08004f43   Thumb Code   580  btod.o(CL$$btod_mult_common)
    __ARM_fpclassify                         0x08005187   Thumb Code    40  fpclassify.o(i.__ARM_fpclassify)
    _is_digit                                0x080051af   Thumb Code    14  __printf_wp.o(i._is_digit)
    _get_lc_numeric                          0x080051bd   Thumb Code    44  lc_numeric_c.o(locale$$code)
    __aeabi_d2f                              0x080051e9   Thumb Code     0  d2f.o(x$fpl$d2f)
    _d2f                                     0x080051e9   Thumb Code    98  d2f.o(x$fpl$d2f)
    __aeabi_dadd                             0x0800524d   Thumb Code     0  daddsub_clz.o(x$fpl$dadd)
    _dadd                                    0x0800524d   Thumb Code   332  daddsub_clz.o(x$fpl$dadd)
    __aeabi_ddiv                             0x0800539d   Thumb Code     0  ddiv.o(x$fpl$ddiv)
    _ddiv                                    0x0800539d   Thumb Code   552  ddiv.o(x$fpl$ddiv)
    __fpl_dnaninf                            0x0800564d   Thumb Code   156  dnaninf.o(x$fpl$dnaninf)
    __fpl_dretinf                            0x080056e9   Thumb Code    12  dretinf.o(x$fpl$dretinf)
    __aeabi_drsub                            0x080056f5   Thumb Code     0  daddsub_clz.o(x$fpl$drsb)
    _drsb                                    0x080056f5   Thumb Code    22  daddsub_clz.o(x$fpl$drsb)
    __aeabi_dsub                             0x0800570d   Thumb Code     0  daddsub_clz.o(x$fpl$dsub)
    _dsub                                    0x0800570d   Thumb Code   464  daddsub_clz.o(x$fpl$dsub)
    __aeabi_f2d                              0x080058e1   Thumb Code     0  f2d.o(x$fpl$f2d)
    _f2d                                     0x080058e1   Thumb Code    86  f2d.o(x$fpl$f2d)
    __aeabi_ui2f                             0x08005939   Thumb Code     0  fflt_clz.o(x$fpl$ffltu)
    _ffltu                                   0x08005939   Thumb Code    38  fflt_clz.o(x$fpl$ffltu)
    __aeabi_fmul                             0x08005961   Thumb Code     0  fmul.o(x$fpl$fmul)
    _fmul                                    0x08005961   Thumb Code   258  fmul.o(x$fpl$fmul)
    __fpl_fnaninf                            0x08005a63   Thumb Code   140  fnaninf.o(x$fpl$fnaninf)
    _fp_init                                 0x08005aef   Thumb Code    14  fpinit.o(x$fpl$fpinit)
    __fplib_config_pureend_doubles           0x08005afb   Thumb Code     0  fpinit.o(x$fpl$fpinit)
    __fpl_fretinf                            0x08005afd   Thumb Code    10  fretinf.o(x$fpl$fretinf)
    _printf_fp_dec                           0x08005b07   Thumb Code     4  printf1.o(x$fpl$printf1)
    __I$use$fp                               0x08005b0b   Thumb Code     0  usenofp.o(x$fpl$usenofp)
    Region$$Table$$Base                      0x08005ba0   Number         0  anon$$obj.o(Region$$Table)
    Region$$Table$$Limit                     0x08005bc0   Number         0  anon$$obj.o(Region$$Table)
    SystemCoreClock                          0x20000014   Data           4  system_stm32f10x.o(.data)
    AHBPrescTable                            0x20000018   Data          16  system_stm32f10x.o(.data)
    __stdout                                 0x20000028   Data           4  uart1.o(.data)
    UdataTemp                                0x2000002c   Data           1  uart1.o(.data)
    FLASHstatus                              0x2000002d   Data           1  stmflash.o(.data)
    adBuf                                    0x2000002e   Data           4  battery.o(.data)
    adcDmaOK                                 0x20000032   Data           1  battery.o(.data)
    RX_ADDRESS                               0x20000034   Data           5  nrf24l01.o(.data)
    testflash                                0x2000003a   Data          10  main.o(.data)
    sysTickFlag                              0x20000044   Data           2  main.o(.data)
    sysTickUptime                            0x2000004c   Data           4  stm32f10x_it.o(.data)
    UartTxbuf                                0x20000050   Data          12  uart1.o(.bss)
    UartRxbuf                                0x2000005c   Data          12  uart1.o(.bss)
    rx_buffer                                0x20000068   Data         128  uart1.o(.bss)
    tx_buffer                                0x200000e8   Data         128  uart1.o(.bss)
    buffer                                   0x20000168   Data          14  mpu6050.o(.bss)
    HMC5883_Fifo                             0x20000176   Data          66  hmc5883l.o(.bss)
    __libspace_start                         0x200001b8   Data          96  libspace.o(.bss)
    __temporary_stack_top$libspace           0x20000218   Data           0  libspace.o(.bss)



==============================================================================

Memory Map of the image

  Image Entry point : 0x080000ed

  Load Region LR_IROM1 (Base: 0x08000000, Size: 0x00005c2c, Max: 0x00020000, ABSOLUTE)

    Execution Region ER_IROM1 (Base: 0x08000000, Size: 0x00005bdc, Max: 0x00020000, ABSOLUTE)

    Base Addr    Size         Type   Attr      Idx    E Section Name        Object

    0x08000000   0x000000ec   Data   RO            3    RESET               startup_stm32f10x_md.o
    0x080000ec   0x00000008   Code   RO          536  * !!!main             c_w.l(__main.o)
    0x080000f4   0x00000034   Code   RO          786    !!!scatter          c_w.l(__scatter.o)
    0x08000128   0x0000001a   Code   RO          788    !!handler_copy      c_w.l(__scatter_copy.o)
    0x08000142   0x00000002   PAD
    0x08000144   0x0000001c   Code   RO          790    !!handler_zi        c_w.l(__scatter_zi.o)
    0x08000160   0x00000000   Code   RO          533    .ARM.Collect$$_printf_percent$$00000000  c_w.l(_printf_percent.o)
    0x08000160   0x00000006   Code   RO          532    .ARM.Collect$$_printf_percent$$00000003  c_w.l(_printf_f.o)
    0x08000166   0x00000006   Code   RO          531    .ARM.Collect$$_printf_percent$$00000009  c_w.l(_printf_d.o)
    0x0800016c   0x00000004   Code   RO          573    .ARM.Collect$$_printf_percent$$00000017  c_w.l(_printf_percent_end.o)
    0x08000170   0x00000006   Code   RO          663    .ARM.Collect$$libinit$$00000000  c_w.l(libinit.o)
    0x08000176   0x00000000   Code   RO          666    .ARM.Collect$$libinit$$00000006  c_w.l(libinit2.o)
    0x08000176   0x00000000   Code   RO          668    .ARM.Collect$$libinit$$00000008  c_w.l(libinit2.o)
    0x08000176   0x00000000   Code   RO          670    .ARM.Collect$$libinit$$0000000A  c_w.l(libinit2.o)
    0x08000176   0x00000006   Code   RO          671    .ARM.Collect$$libinit$$0000000B  c_w.l(libinit2.o)
    0x0800017c   0x00000000   Code   RO          673    .ARM.Collect$$libinit$$0000000D  c_w.l(libinit2.o)
    0x0800017c   0x00000000   Code   RO          675    .ARM.Collect$$libinit$$0000000F  c_w.l(libinit2.o)
    0x0800017c   0x00000000   Code   RO          677    .ARM.Collect$$libinit$$00000011  c_w.l(libinit2.o)
    0x0800017c   0x0000000a   Code   RO          678    .ARM.Collect$$libinit$$00000012  c_w.l(libinit2.o)
    0x08000186   0x00000000   Code   RO          679    .ARM.Collect$$libinit$$00000013  c_w.l(libinit2.o)
    0x08000186   0x00000000   Code   RO          681    .ARM.Collect$$libinit$$00000015  c_w.l(libinit2.o)
    0x08000186   0x00000000   Code   RO          683    .ARM.Collect$$libinit$$00000017  c_w.l(libinit2.o)
    0x08000186   0x00000000   Code   RO          685    .ARM.Collect$$libinit$$00000019  c_w.l(libinit2.o)
    0x08000186   0x00000000   Code   RO          687    .ARM.Collect$$libinit$$0000001B  c_w.l(libinit2.o)
    0x08000186   0x00000000   Code   RO          689    .ARM.Collect$$libinit$$0000001D  c_w.l(libinit2.o)
    0x08000186   0x00000000   Code   RO          691    .ARM.Collect$$libinit$$0000001F  c_w.l(libinit2.o)
    0x08000186   0x00000000   Code   RO          693    .ARM.Collect$$libinit$$00000021  c_w.l(libinit2.o)
    0x08000186   0x00000000   Code   RO          697    .ARM.Collect$$libinit$$00000028  c_w.l(libinit2.o)
    0x08000186   0x00000000   Code   RO          699    .ARM.Collect$$libinit$$0000002A  c_w.l(libinit2.o)
    0x08000186   0x00000000   Code   RO          701    .ARM.Collect$$libinit$$0000002C  c_w.l(libinit2.o)
    0x08000186   0x00000000   Code   RO          703    .ARM.Collect$$libinit$$0000002E  c_w.l(libinit2.o)
    0x08000186   0x00000002   Code   RO          704    .ARM.Collect$$libinit$$0000002F  c_w.l(libinit2.o)
    0x08000188   0x00000002   Code   RO          737    .ARM.Collect$$libshutdown$$00000000  c_w.l(libshutdown.o)
    0x0800018a   0x00000000   Code   RO          747    .ARM.Collect$$libshutdown$$00000003  c_w.l(libshutdown2.o)
    0x0800018a   0x00000000   Code   RO          750    .ARM.Collect$$libshutdown$$00000006  c_w.l(libshutdown2.o)
    0x0800018a   0x00000000   Code   RO          753    .ARM.Collect$$libshutdown$$00000009  c_w.l(libshutdown2.o)
    0x0800018a   0x00000000   Code   RO          755    .ARM.Collect$$libshutdown$$0000000B  c_w.l(libshutdown2.o)
    0x0800018a   0x00000000   Code   RO          758    .ARM.Collect$$libshutdown$$0000000E  c_w.l(libshutdown2.o)
    0x0800018a   0x00000002   Code   RO          759    .ARM.Collect$$libshutdown$$0000000F  c_w.l(libshutdown2.o)
    0x0800018c   0x00000000   Code   RO          566    .ARM.Collect$$rtentry$$00000000  c_w.l(rtentry.o)
    0x0800018c   0x00000000   Code   RO          586    .ARM.Collect$$rtentry$$00000002  c_w.l(rtentry2.o)
    0x0800018c   0x00000006   Code   RO          598    .ARM.Collect$$rtentry$$00000004  c_w.l(rtentry4.o)
    0x08000192   0x00000000   Code   RO          588    .ARM.Collect$$rtentry$$00000009  c_w.l(rtentry2.o)
    0x08000192   0x00000004   Code   RO          589    .ARM.Collect$$rtentry$$0000000A  c_w.l(rtentry2.o)
    0x08000196   0x00000000   Code   RO          591    .ARM.Collect$$rtentry$$0000000C  c_w.l(rtentry2.o)
    0x08000196   0x00000008   Code   RO          592    .ARM.Collect$$rtentry$$0000000D  c_w.l(rtentry2.o)
    0x0800019e   0x00000002   Code   RO          705    .ARM.Collect$$rtexit$$00000000  c_w.l(rtexit.o)
    0x080001a0   0x00000000   Code   RO          712    .ARM.Collect$$rtexit$$00000002  c_w.l(rtexit2.o)
    0x080001a0   0x00000004   Code   RO          713    .ARM.Collect$$rtexit$$00000003  c_w.l(rtexit2.o)
    0x080001a4   0x00000006   Code   RO          714    .ARM.Collect$$rtexit$$00000004  c_w.l(rtexit2.o)
    0x080001aa   0x00000002   PAD
    0x080001ac   0x00000040   Code   RO            4    .text               startup_stm32f10x_md.o
    0x080001ec   0x000003a0   Code   RO           10    .text               stm32f10x_rcc.o
    0x0800058c   0x00000358   Code   RO           78    .text               stm32f10x_gpio.o
    0x080008e4   0x000000dc   Code   RO           90    .text               misc.o
    0x080009c0   0x0000043c   Code   RO          102    .text               stm32f10x_adc.o
    0x08000dfc   0x0000040c   Code   RO          114    .text               stm32f10x_usart.o
    0x08001208   0x00000310   Code   RO          138    .text               stm32f10x_spi.o
    0x08001518   0x00000dae   Code   RO          150    .text               stm32f10x_tim.o
    0x080022c6   0x00000002   PAD
    0x080022c8   0x000005b8   Code   RO          174    .text               stm32f10x_flash.o
    0x08002880   0x00000250   Code   RO          186    .text               stm32f10x_dma.o
    0x08002ad0   0x000001c8   Code   RO          208    .text               system_stm32f10x.o
    0x08002c98   0x00000264   Code   RO          226    .text               uart1.o
    0x08002efc   0x00000124   Code   RO          293    .text               stmflash.o
    0x08003020   0x00000130   Code   RO          312    .text               tim.o
    0x08003150   0x00000150   Code   RO          324    .text               moto.o
    0x080032a0   0x00000228   Code   RO          355    .text               battery.o
    0x080034c8   0x0000003a   Code   RO          370    .text               delay.o
    0x08003502   0x00000002   PAD
    0x08003504   0x0000037c   Code   RO          382    .text               iic_polling.o
    0x08003880   0x00000094   Code   RO          394    .text               mpu6050.o
    0x08003914   0x00000240   Code   RO          409    .text               hmc5883l.o
    0x08003b54   0x00000248   Code   RO          425    .text               nrf24l01.o
    0x08003d9c   0x00000110   Code   RO          441    .text               spi.o
    0x08003eac   0x00000118   Code   RO          453    .text               main.o
    0x08003fc4   0x0000008c   Code   RO          472    .text               stm32f10x_it.o
    0x08004050   0x00000002   Code   RO          501    .text               c_w.l(use_no_semi_2.o)
    0x08004052   0x00000002   PAD
    0x08004054   0x00000018   Code   RO          505    .text               c_w.l(noretval__2printf.o)
    0x0800406c   0x00000078   Code   RO          509    .text               c_w.l(_printf_dec.o)
    0x080040e4   0x0000010e   Code   RO          519    .text               c_w.l(__printf_wp.o)
    0x080041f2   0x00000006   Code   RO          534    .text               c_w.l(heapauxi.o)
    0x080041f8   0x00000002   Code   RO          564    .text               c_w.l(use_no_semi.o)
    0x080041fa   0x000000b8   Code   RO          567    .text               c_w.l(_printf_intcommon.o)
    0x080042b2   0x00000420   Code   RO          569    .text               c_w.l(_printf_fp_dec.o)
    0x080046d2   0x00000002   PAD
    0x080046d4   0x00000024   Code   RO          571    .text               c_w.l(_printf_char_file.o)
    0x080046f8   0x00000008   Code   RO          603    .text               c_w.l(rt_locale_intlibspace.o)
    0x08004700   0x0000008a   Code   RO          605    .text               c_w.l(lludiv10.o)
    0x0800478a   0x00000002   PAD
    0x0800478c   0x00000030   Code   RO          607    .text               c_w.l(_printf_char_common.o)
    0x080047bc   0x00000080   Code   RO          609    .text               c_w.l(_printf_fp_infnan.o)
    0x0800483c   0x000000e4   Code   RO          611    .text               c_w.l(bigflt0.o)
    0x08004920   0x00000008   Code   RO          636    .text               c_w.l(ferror.o)
    0x08004928   0x00000008   Code   RO          647    .text               c_w.l(libspace.o)
    0x08004930   0x0000004a   Code   RO          650    .text               c_w.l(sys_stackheap_outer.o)
    0x0800497a   0x0000000c   Code   RO          654    .text               c_w.l(exit.o)
    0x08004986   0x00000002   PAD
    0x08004988   0x00000080   Code   RO          656    .text               c_w.l(strcmpv7m.o)
    0x08004a08   0x00000008   Code   RO          721    .text               c_w.l(rt_fp_status_addr_intlibspace.o)
    0x08004a10   0x0000003e   Code   RO          614    CL$$btod_d2e        c_w.l(btod.o)
    0x08004a4e   0x00000046   Code   RO          616    CL$$btod_d2e_denorm_low  c_w.l(btod.o)
    0x08004a94   0x00000060   Code   RO          615    CL$$btod_d2e_norm_op1  c_w.l(btod.o)
    0x08004af4   0x00000338   Code   RO          624    CL$$btod_div_common  c_w.l(btod.o)
    0x08004e2c   0x000000c6   Code   RO          621    CL$$btod_e2e        c_w.l(btod.o)
    0x08004ef2   0x00000028   Code   RO          618    CL$$btod_ediv       c_w.l(btod.o)
    0x08004f1a   0x00000028   Code   RO          617    CL$$btod_emul       c_w.l(btod.o)
    0x08004f42   0x00000244   Code   RO          623    CL$$btod_mult_common  c_w.l(btod.o)
    0x08005186   0x00000028   Code   RO          645    i.__ARM_fpclassify  m_ws.l(fpclassify.o)
    0x080051ae   0x0000000e   Code   RO          521    i._is_digit         c_w.l(__printf_wp.o)
    0x080051bc   0x0000002c   Code   RO          641    locale$$code        c_w.l(lc_numeric_c.o)
    0x080051e8   0x00000062   Code   RO          538    x$fpl$d2f           fz_ws.l(d2f.o)
    0x0800524a   0x00000002   PAD
    0x0800524c   0x00000150   Code   RO          540    x$fpl$dadd          fz_ws.l(daddsub_clz.o)
    0x0800539c   0x000002b0   Code   RO          547    x$fpl$ddiv          fz_ws.l(ddiv.o)
    0x0800564c   0x0000009c   Code   RO          574    x$fpl$dnaninf       fz_ws.l(dnaninf.o)
    0x080056e8   0x0000000c   Code   RO          576    x$fpl$dretinf       fz_ws.l(dretinf.o)
    0x080056f4   0x00000016   Code   RO          541    x$fpl$drsb          fz_ws.l(daddsub_clz.o)
    0x0800570a   0x00000002   PAD
    0x0800570c   0x000001d4   Code   RO          542    x$fpl$dsub          fz_ws.l(daddsub_clz.o)
    0x080058e0   0x00000056   Code   RO          550    x$fpl$f2d           fz_ws.l(f2d.o)
    0x08005936   0x00000002   PAD
    0x08005938   0x00000026   Code   RO          554    x$fpl$ffltu         fz_ws.l(fflt_clz.o)
    0x0800595e   0x00000002   PAD
    0x08005960   0x00000102   Code   RO          560    x$fpl$fmul          fz_ws.l(fmul.o)
    0x08005a62   0x0000008c   Code   RO          580    x$fpl$fnaninf       fz_ws.l(fnaninf.o)
    0x08005aee   0x0000000e   Code   RO          709    x$fpl$fpinit        fz_ws.l(fpinit.o)
    0x08005afc   0x0000000a   Code   RO          582    x$fpl$fretinf       fz_ws.l(fretinf.o)
    0x08005b06   0x00000004   Code   RO          562    x$fpl$printf1       fz_ws.l(printf1.o)
    0x08005b0a   0x00000000   Code   RO          584    x$fpl$usenofp       fz_ws.l(usenofp.o)
    0x08005b0a   0x00000002   PAD
    0x08005b0c   0x00000094   Data   RO          612    .constdata          c_w.l(bigflt0.o)
    0x08005ba0   0x00000020   Data   RO          784    Region$$Table       anon$$obj.o
    0x08005bc0   0x0000001c   Data   RO          640    locale$$data        c_w.l(lc_numeric_c.o)


    Execution Region RW_IRAM1 (Base: 0x20000000, Size: 0x00000818, Max: 0x00005000, ABSOLUTE)

    Base Addr    Size         Type   Attr      Idx    E Section Name        Object

    0x20000000   0x00000014   Data   RW           11    .data               stm32f10x_rcc.o
    0x20000014   0x00000014   Data   RW          209    .data               system_stm32f10x.o
    0x20000028   0x00000005   Data   RW          228    .data               uart1.o
    0x2000002d   0x00000001   Data   RW          294    .data               stmflash.o
    0x2000002e   0x00000005   Data   RW          356    .data               battery.o
    0x20000033   0x00000001   Data   RW          411    .data               hmc5883l.o
    0x20000034   0x00000005   Data   RW          427    .data               nrf24l01.o
    0x20000039   0x00000001   PAD
    0x2000003a   0x0000000c   Data   RW          454    .data               main.o
    0x20000046   0x00000002   PAD
    0x20000048   0x00000008   Data   RW          473    .data               stm32f10x_it.o
    0x20000050   0x00000118   Zero   RW          227    .bss                uart1.o
    0x20000168   0x0000000e   Zero   RW          395    .bss                mpu6050.o
    0x20000176   0x00000042   Zero   RW          410    .bss                hmc5883l.o
    0x200001b8   0x00000060   Zero   RW          648    .bss                c_w.l(libspace.o)
    0x20000218   0x00000200   Zero   RW            2    HEAP                startup_stm32f10x_md.o
    0x20000418   0x00000400   Zero   RW            1    STACK               startup_stm32f10x_md.o


==============================================================================

Image component sizes


      Code (inc. data)   RO Data    RW Data    ZI Data      Debug   Object Name

       552         78          0          5          0       1504   battery.o
        58          0          0          0          0        620   delay.o
       576         76          0          1         66       2605   hmc5883l.o
       892         22          0          0          0       3947   iic_polling.o
       280         44          0         12          0      16253   main.o
       220         20          0          0          0       1625   misc.o
       336         38          0          0          0        962   moto.o
       148         18          0          0         14        997   mpu6050.o
       584         88          0          5          0       3123   nrf24l01.o
       272         24          0          0          0        827   spi.o
        64         26        236          0       1536        784   startup_stm32f10x_md.o
      1084         26          0          0          0      10845   stm32f10x_adc.o
       592          8          0          0          0       4194   stm32f10x_dma.o
      1464         32          0          0          0       8034   stm32f10x_flash.o
       856         40          0          0          0       5561   stm32f10x_gpio.o
       140         18          0          8          0       2284   stm32f10x_it.o
       928         44          0         20          0     291076   stm32f10x_rcc.o
       784         12          0          0          0       6462   stm32f10x_spi.o
      3502         86          0          0          0      22728   stm32f10x_tim.o
      1036         20          0          0          0       8308   stm32f10x_usart.o
       292         54          0          1          0       2032   stmflash.o
       456         36          0         20          0       1611   system_stm32f10x.o
       304         48          0          0          0       1103   tim.o
       612         70          0          5        280       5771   uart1.o

    ----------------------------------------------------------------------
     16036        928        268         80       1896     403256   Object Totals
         0          0         32          0          0          0   (incl. Generated)
         4          0          0          3          0          0   (incl. Padding)

    ----------------------------------------------------------------------

      Code (inc. data)   RO Data    RW Data    ZI Data      Debug   Library Member Name

         8          0          0          0          0         68   __main.o
       284          0          0          0          0        156   __printf_wp.o
        52          8          0          0          0          0   __scatter.o
        26          0          0          0          0          0   __scatter_copy.o
        28          0          0          0          0          0   __scatter_zi.o
        48          6          0          0          0         96   _printf_char_common.o
        36          4          0          0          0         80   _printf_char_file.o
         6          0          0          0          0          0   _printf_d.o
       120         18          0          0          0         92   _printf_dec.o
         6          0          0          0          0          0   _printf_f.o
      1056          0          0          0          0        216   _printf_fp_dec.o
       128         16          0          0          0         84   _printf_fp_infnan.o
       184          0          0          0          0         88   _printf_intcommon.o
         0          0          0          0          0          0   _printf_percent.o
         4          0          0          0          0          0   _printf_percent_end.o
       228          6        148          0          0         96   bigflt0.o
      1910        128          0          0          0        672   btod.o
        12          0          0          0          0         72   exit.o
         8          0          0          0          0         68   ferror.o
         6          0          0          0          0        152   heapauxi.o
        44         10         28          0          0         76   lc_numeric_c.o
         6          0          0          0          0          0   libinit.o
        18          0          0          0          0          0   libinit2.o
         2          0          0          0          0          0   libshutdown.o
         2          0          0          0          0          0   libshutdown2.o
         8          4          0          0         96         68   libspace.o
       138          0          0          0          0         80   lludiv10.o
        24          4          0          0          0         84   noretval__2printf.o
         8          4          0          0          0         68   rt_fp_status_addr_intlibspace.o
         8          4          0          0          0         68   rt_locale_intlibspace.o
         0          0          0          0          0          0   rtentry.o
        12          0          0          0          0          0   rtentry2.o
         6          0          0          0          0          0   rtentry4.o
         2          0          0          0          0          0   rtexit.o
        10          0          0          0          0          0   rtexit2.o
       128          0          0          0          0         68   strcmpv7m.o
        74          0          0          0          0         80   sys_stackheap_outer.o
         2          0          0          0          0         68   use_no_semi.o
         2          0          0          0          0         68   use_no_semi_2.o
        98          4          0          0          0         92   d2f.o
       826         16          0          0          0        356   daddsub_clz.o
       688        140          0          0          0        212   ddiv.o
       156          4          0          0          0         92   dnaninf.o
        12          0          0          0          0         68   dretinf.o
        86          4          0          0          0         84   f2d.o
        38          0          0          0          0         68   fflt_clz.o
       258          4          0          0          0         84   fmul.o
       140          4          0          0          0         84   fnaninf.o
        14          0          0          0          0         76   fpinit.o
        10          0          0          0          0         68   fretinf.o
         4          0          0          0          0         68   printf1.o
         0          0          0          0          0          0   usenofp.o
        40          0          0          0          0         68   fpclassify.o

    ----------------------------------------------------------------------
      7036        388        176          0         96       4088   Library Totals
        22          0          0          0          0          0   (incl. Padding)

    ----------------------------------------------------------------------

      Code (inc. data)   RO Data    RW Data    ZI Data      Debug   Library Name

      4644        212        176          0         96       2668   c_w.l
      2330        176          0          0          0       1352   fz_ws.l
        40          0          0          0          0         68   m_ws.l

    ----------------------------------------------------------------------
      7036        388        176          0         96       4088   Library Totals

    ----------------------------------------------------------------------

==============================================================================


      Code (inc. data)   RO Data    RW Data    ZI Data      Debug   

     23072       1316        444         80       1992     402664   Grand Totals
     23072       1316        444         80       1992     402664   ELF Image Totals
     23072       1316        444         80          0          0   ROM Totals

==============================================================================

    Total RO  Size (Code + RO Data)                23516 (  22.96kB)
    Total RW  Size (RW Data + ZI Data)              2072 (   2.02kB)
    Total ROM Size (Code + RO Data + RW Data)      23596 (  23.04kB)

==============================================================================

